[   17.987841] IWL_IDI wifi-0: IDI Rx config: SGs 3, pages 512
[   17.995460] IWL_IDI wifi-0: Rx is configured in tasklet mode
[   18.011304] IWL_IDI wifi-0: iwl_idi_rx_init: finished.
[   18.017291] IWL_IDI wifi-0: iwl_idi_tx_init_sg_data: sg_list offset 0
[   18.083724] IPv6: ADDRCONF(NETDEV_UP): wlan0: link is not ready
[   18.093767] cfg80211: World regulatory domain updated:
[   18.098724] cfg80211:  DFS Master region: unset
[   18.103923] cfg80211:   (start_freq - end_freq @ bandwidth), (max_antenna_gain, max_eirp)
[   18.112574] cfg80211:   (2402000 KHz - 2482000 KHz @ 0 KHz, 20000 KHz AUTO), (600 mBi, 2200 mBm)
[   18.128743] cfg80211: World regulatory domain updated:
[   18.134104] cfg80211:  DFS Master region: unset
[   18.138281] cfg80211:   (start_freq - end_freq @ bandwidth), (max_antenna_gain, max_eirp)
[   18.146897] cfg80211:   (2402000 KHz - 2482000 KHz @ 0 KHz, 20000 KHz AUTO), (600 mBi, 2200 mBm)
[   18.379924] mtp_open
[   18.693120] cfg80211: World regulatory domain updated:
[   18.700299] cfg80211:  DFS Master region: unset
[   18.704478] cfg80211:   (start_freq - end_freq @ bandwidth), (max_antenna_gain, max_eirp)
[   18.713193] cfg80211:   (2402000 KHz - 2482000 KHz @ 0 KHz, 20000 KHz AUTO), (600 mBi, 2200 mBm)
[   19.538214] XGOLD_LPMP3 e0100000.lpmp3: lpmp3_fs_ioctl: enable lpmp3
[   19.569241] XGOLD_LPMP3 e0100000.lpmp3: lpmp3_fs_ioctl: wakelock, timeout = 5 sec
[   19.578795] XGOLD_LPMP3 e0100000.lpmp3: lpmp3_fs_ioctl: disable lpmp3
[   19.585785] XGOLD_LPMP3 e0100000.lpmp3: lpmp3_fs_ioctl: wakelock, timeout = 5 sec
[   20.251689] lsm330dlc_acc: hw init start
[   20.257573] lsm330dlc_acc: hw init done
[   20.270905] idi_bus_match:btif-0-ttyBT: Using peripheral type for registration process is deprecated
[   20.281687] idi_bus_match:btif-0-ttyBT: Please idi device id and driver id table
[   20.307119] ttyBT btif-0: No kernel clock available
[   20.312330] ttyBT btif-0: No BTIP 78M clock available
[   20.317642] ttyBT btif-0: No BTIP 104M clock available
[   20.326249] ttyBT btif-0: No BTIP 32kHz clock available
[   20.331591] ttyBT btif-0: No BTIP VCXO request available
[   20.336808] ttyBT btif-0: No BTIP PWM ON request available
[   20.342491] ttyBT btif-0: No BTIP RF ON request available
[   20.347991] BTIF device PM registration success
[   20.352869] btif-0: ttyBT0 at MMIO 0xe7200000 (irq = 0, base_baud = 0) is a XGOLD/BTIF
[   20.586972] android_setup=b111f480
[   20.592128] android_setup=b111f480android_setup=b111f480android_setup=b111f480
[   20.601360] android_setup=b111f480android_setup=b111f480android_setup=b111f480android_setup=b111f480
[   25.313779] ttyBT btif-0: Revision Id: 0x2, Module Id: 0x52, TopSpin Rev: 0x307
[   29.657585] wlan0: authenticate with c8:3a:35:49:e2:c8
[   29.678629] android_setup=b111f480
[   29.683302] android_setup=b111f480android_setup=b111f480
[   29.690227] android_setup=b111f480android_setup=b111f480
[   29.695941] android_setup=b111f480[   29.703724] wlan0: send auth to c8:3a:35:49:e2:c8 (try 1/3)
[   29.750536] wlan0: authenticated
[   29.756158] IWL_IDI wifi-0 wlan0: disabling HT/VHT due to WEP/TKIP use
[   29.770214] wlan0: associate with c8:3a:35:49:e2:c8 (try 1/3)
[   29.779910] wlan0: RX AssocResp from c8:3a:35:49:e2:c8 (capab=0x411 status=0 aid=1)
[   29.796200] wlan0: associated
[   29.799221] IPv6: ADDRCONF(NETDEV_CHANGE): wlan0: link becomes ready
[   34.236112] rtc: xgold_rtc_alarm_irq_enable: alarm irq disable set
[   35.679077] android_setup=b111f480android_setup=b111f480android_setup=b111f480android_setup=b111f480[   19.473602] android_setup=b13ea400
[   19.478884] android_setup=b13ea400android_setup=b13ea400
[   19.584642] android_setup=b13ea400[   20.033208] XGOLD_LPMP3 e0100000.lpmp3: lpmp3_fs_ioctl: enable lpmp3
[   20.062729] XGOLD_LPMP3 e0100000.lpmp3: lpmp3_fs_ioctl: wakelock, timeout = 5 sec
[   20.062775] XGOLD_LPMP3 e0100000.lpmp3: lpmp3_fs_ioctl: disable lpmp3
[   20.077737] XGOLD_LPMP3 e0100000.lpmp3: lpmp3_fs_ioctl: wakelock, timeout = 5 sec
[   20.471724] android_setup=b13ea400
[   20.477071] android_setup=b13ea400android_setup=b13ea400
[   20.582770] android_setup=b13ea400[   20.763468] lsm330dlc_acc: hw init start
[   20.769939] lsm330dlc_acc: hw init done
[   20.781836] idi_bus_match:btif-0-ttyBT: Using peripheral type for registration process is deprecated
[   20.791059] idi_bus_match:btif-0-ttyBT: Please idi device id and driver id table
[   20.798526] ttyBT btif-0: No kernel clock available
[   20.803522] ttyBT btif-0: No BTIP 78M clock available
[   20.808435] ttyBT btif-0: No BTIP 104M clock available
[   20.813801] ttyBT btif-0: No BTIP 32kHz clock available
[   20.818838] ttyBT btif-0: No BTIP VCXO request available
[   20.824407] ttyBT btif-0: No BTIP PWM ON request available
[   20.829779] ttyBT btif-0: No BTIP RF ON request available
[   20.835457] BTIF device PM registration success
[   20.840482] btif-0: ttyBT0 at MMIO 0xe7200000 (irq = 0, base_baud = 0) is a XGOLD/BTIF
[   25.356449] ttyBT btif-0: Revision Id: 0x2, Module Id: 0x52, TopSpin Rev: 0x307
[   28.561311] android_setup=b13ea400
[   28.566331] android_setup=b13ea400android_setup=b13ea400
[   29.560240] android_setup=b13ea400android_setup=b13ea400
[   29.567257] android_setup=b13ea400[   29.867052] wlan0: authenticate with c8:3a:35:49:e2:c8
[   29.922346] wlan0: send auth to c8:3a:35:49:e2:c8 (try 1/3)
[   29.943283] wlan0: authenticated
[   29.951170] IWL_IDI wifi-0 wlan0: disabling HT/VHT due to WEP/TKIP use
[   29.960219] wlan0: associate with c8:3a:35:49:e2:c8 (try 1/3)
[   29.972078] wlan0: RX AssocResp from c8:3a:35:49:e2:c8 (capab=0x411 status=0 aid=1)
[   29.989512] wlan0: associated
[   29.992544] IPv6: ADDRCONF(NETDEV_CHANGE): wlan0: link becomes ready
[   34.561733] android_setup=b13ea400
[   35.560400] android_setup=b13ea400android_setup=b13ea400
[   36.352762] android_setup=b13ea400[     1.786]---------- Starting PSI FLASH ----------
[     1.791]FPSI: Intialized CGU and EBU
[     1.794]FPSI: PSI Flash Version: 1622.400_M1S1
[     1.799]FPSI: IMC Chipset Info (ID: 0x00000061, Revision: 0x00000010)
[     1.805]FPSI: IMC Chipset Info (SNUM1: 0x140C1160, SNUM2: 0x73460C50, SNUM3: 0x10E84C48)
[     1.814]FPSI: SCU_RSTSR: 0x80008003
[     1.817]FPSI: PMU_RSTSR: 0x00010008
[     1.821]FPSI: PMU_SHTSR: 0x00000000
[     1.824]FSPI: Starting loading SLB from storage
[     2.047]FPSI: SLB load addr:0x00002000
[     2.051]FPSI:Start SLB:0x00002000
[     2.055]Jump to SLB:0x00002400
[     2.061]------------- Starting SLB -------------
[     2.245]********** slbchr_configure_chgdet_interrupt **********

[     2.251]********** slbchr_configure_chgdet_interrupt 0x00000003 SLBCHR_PMU_IMSC**********

[     2.259]********** slbchr_configure_chgdet_interrupt 0x00000000 SLBCHR_PMU_RIS**********

[     2.268]********** slbchr_configure_chgdet_interrupt 0x00000000 SLBCHR_PMU_MIS**********

[     2.276]********** slbchr_configure_chgdet_interrupt 0x00000000 SLBCHR_PMU_C0_IRQSM**********

[     2.285]********** slbchr_configure_chgdet_interrupt 0x00000000 SLBCHR_PMU_C1_IRQSM**********

[     2.293]batmon =0x1801c5,rst_source=0x10008
[     2.473]VRL: before read partition table
[     3.048]VRL: after read partition table
[     3.058]slb_software_reset_check_for_startup_cause
[     3.063]Mode Management: Start mode management with reason 1
[     3.072]reset_source=0x10008
[     3.095]NVM: before nvm init
[     3.415]NVM: after nvm init
[     3.418]Mode Management: transition to mode 2
[     3.422]***********charger_check_for_battery_voltage*********

[     3.554]charger_check_for_battery_voltage get vbat = 3881/3500mv

[     3.561]*********charger_check_for_battery_voltage OK*********

[     3.703]********** BOOT OCV = 3996 **********

[     3.707] - MRD6s board detected
[     3.710]display_drv_update_screen: start panel index:1

[     3.754]screen_type 2, disp_clk_rate 208000000
[     3.759]Enable lcd clk: 208000000
[     3.762]display_drv_update_screen: ret=0

[     3.766]display_backlight_control: 1

[     3.770]RPMB: before rpmb provision
[     4.034]RPMB: after rpmb provision
[     4.038]SLB Main: Start slb logic load upload
[     4.045]get_device_state return locked
[     4.048]Load partition with secpack: id = 0x73
[     4.058]Load partition [0x73]: loadmap index = 0, size = 0xa616
[     4.071]Validate partition [0x73] HASH start
[     4.075]Validate partition [0x73] HASH done
[     4.079]-----------------------------------------------------
[     4.085]Load partition with secpack: id = 0x1
[     4.095]Load partition [0x1]: loadmap index = 0, size = 0xb12ac
[     4.115]Validate partition [0x1] HASH start
[     4.119]Validate partition [0x1] HASH done
[     4.123]-----------------------------------------------------
[     4.129]Load partition with secpack: id = 0x76
[     4.139]Load partition [0x76]: loadmap index = 0, size = 0x1b5610
[     4.170]Validate partition [0x76] HASH start
[     4.174]Validate partition [0x76] HASH done
[     4.178]-----------------------------------------------------
[     4.184]Load partition with secpack: id = 0x47
[     4.194]Load partition [0x47]: loadmap index = 0, size = 0x6c0527
[     4.281]Validate partition [0x47] HASH start
[     4.285]Validate partition [0x47] HASH done
[     4.290]Reallocate partition 0x47 start
[     4.482]Reallocate partition 0x47 done
[     4.486]-----------------------------------------------------
[     4.497]Load partition [0x71]: loadmap index = 0, size = 0x1c00
[     4.503]Validate partition [0x71] HASH start
[     4.508]Validate partition [0x71] HASH done
[     4.512]SLB process mode before system start
[     4.516]memory size = 1073741824
[     4.520]SLB certdata to system before system start
[     4.524]SLB copy image before system start
[     4.529]Cleaning up before jumping to system: 0x1CC503E8
[    0.000000] Initializing cgroup subsys cpu
[    0.000000] Initializing cgroup subsys cpuacct
[    0.000000] Linux version 3.14.0 (zhuxm@ubuntu001) (gcc version 4.6.3 (Ubuntu/Linaro 4.6.3-1ubuntu5) ) #2 SMP PREEMPT Thu Jun 16 12:15:17 CST 2016
[    0.000000] e820: BIOS-provided physical RAM map:
[    0.000000] BIOS-e820: [mem 0x0000000000000000-0x000000001bbfffff] usable
[    0.000000] BIOS-e820: [mem 0x000000001bc00000-0x000000001fffffff] reserved
[    0.000000] BIOS-e820: [mem 0x0000000020000000-0x000000003fffffff] usable
[    0.000000] NX (Execute Disable) protection: active
[    0.000000] e820: update [mem 0x00600000-0x0062fd10] usable ==> usable
[    0.000000] extended physical RAM map:
[    0.000000] reserve setup_data: [mem 0x0000000000000000-0x00000000005fffff] usable
[    0.000000] reserve setup_data: [mem 0x0000000000600000-0x000000000062fd10] usable
[    0.000000] reserve setup_data: [mem 0x000000000062fd11-0x000000001bbfffff] usable
[    0.000000] reserve setup_data: [mem 0x000000001bc00000-0x000000001fffffff] reserved
[    0.000000] reserve setup_data: [mem 0x0000000020000000-0x000000003fffffff] usable
[    0.000000] e820: update [mem 0x00000000-0x00000fff] usable ==> reserved
[    0.000000] e820: remove [mem 0x000a0000-0x000fffff] usable
[    0.000000] e820: last_pfn = 0x40000 max_arch_pfn = 0x1000000
[    0.000000] MTRR default type: uncachable
[    0.000000] MTRR variable ranges enabled:
[    0.000000]   0 base 000000000 mask 080000000 write-back
[    0.000000]   1 base 0FFF00000 mask 0FFFE0000 write-back
[    0.000000]   2 base 0FFFC0000 mask 0FFFC0000 write-back
[    0.000000]   3 disabled
[    0.000000]   4 disabled
[    0.000000]   5 disabled
[    0.000000]   6 disabled
[    0.000000]   7 disabled
[    0.000000] x86 PAT enabled: cpu 0, old 0x7050400070106, new 0x7010600070106
[    0.000000] e820: update [mem 0x80000000-0xffefffff] usable ==> reserved
[    0.000000] e820: update [mem 0xfff20000-0xfffbffff] usable ==> reserved
[    0.000000] initial memory mapped: [mem 0x00000000-0x01ffffff]
[    0.000000] Base memory trampoline at [8009c000] 9c000 size 16384
[    0.000000] init_memory_mapping: [mem 0x00000000-0x000fffff]
[    0.000000]  [mem 0x00000000-0x000fffff] page 4k
[    0.000000] init_memory_mapping: [mem 0x3fe00000-0x3fffffff]
[    0.000000]  [mem 0x3fe00000-0x3fffffff] page 2M
[    0.000000] init_memory_mapping: [mem 0x3c000000-0x3fdfffff]
[    0.000000]  [mem 0x3c000000-0x3fdfffff] page 2M
[    0.000000] init_memory_mapping: [mem 0x00100000-0x1bbfffff]
[    0.000000]  [mem 0x00100000-0x001fffff] page 4k
[    0.000000]  [mem 0x00200000-0x1bbfffff] page 2M
[    0.000000] init_memory_mapping: [mem 0x20000000-0x3bffffff]
[    0.000000]  [mem 0x20000000-0x3bffffff] page 2M
[    0.000000] Reserved memory: 'region@0' reserve CMA default limit 0x00000000, size 192 MiB
[    0.000000] cma: CMA: reserved 192 MiB at 34000000
[    0.000000] RAMDISK: [mem 0x00400000-0x0050ffff]
[    0.000000] 1024MB LOWMEM available.
[    0.000000]   mapped low ram: 0 - 40000000
[    0.000000]   low ram: 0 - 40000000
[    0.000000] Zone ranges:
[    0.000000]   Normal   [mem 0x00001000-0x3fffffff]
[    0.000000] Movable zone start for each node
[    0.000000] Early memory node ranges
[    0.000000]   node   0: [mem 0x00001000-0x0009ffff]
[    0.000000]   node   0: [mem 0x00100000-0x1bbfffff]
[    0.000000]   node   0: [mem 0x20000000-0x3fffffff]
[    0.000000] On node 0 totalpages: 244639
[    0.000000] free_area_init_node: node 0, pgdat 812afdc0, node_mem_map b3800020
[    0.000000]   Normal zone: 2048 pages used for memmap
[    0.000000]   Normal zone: 0 pages reserved
[    0.000000]   Normal zone: 244639 pages, LIFO batch:31
[    0.000000] Using APIC driver sofia
[    0.000000] smpboot: Allowing 4 CPUs, 0 hotplug CPUs
[    0.000000] xgold_pstore_ram: reserved RAM buffer (0x219000@0x33571000)
[    0.000000] e820: [mem 0x40000000-0xffffffff] available for PCI devices
[    0.000000] Booting XGOLD kernel
[    0.000000] setup_percpu: NR_CPUS:4 nr_cpumask_bits:4 nr_cpu_ids:4 nr_node_ids:1
[    0.000000] PERCPU: Embedded 13 pages/cpu @b353a000 s32512 r0 d20736 u53248
[    0.000000] pcpu-alloc: s32512 r0 d20736 u53248 alloc=13*4096
[    0.000000] pcpu-alloc: [0] 0 [0] 1 [0] 2 [0] 3 
[    0.000000] Built 1 zonelists in Zone order, mobility grouping on.  Total pages: 242591
[    0.000000] Kernel command line: androidboot.bootloader=1622.400_M1S1 androidboot.serialno=0123456789012345 pmu_rst_src=0x00010008 pmu_shutdwn_src=0x00000000 scu_rsts=0x80008003 rtcalarm=false boot_ocv=3996 androidboot.wakesrc=1 androidboot.mode=normal panelsource=1 console=ttyS0,115200n8 idle=halt notsc androidboot.hardware=sofia3g cma=160M nolapic_pm firmware_class.path=/system/vendor/firmware slub_max_order=0 androidboot.selinux=disabled loglevel=8 softlockup_panic=0 nolapic_timer x86_intel_xgold_timer=soctimer_only sf3gr_mrd_version=P2.0
[    0.000000] ***** BOOT OCV = 3996
[    0.000000] tsc: Kernel compiled with CONFIG_X86_TSC, cannot disable TSC completely
[    0.000000] backlight:P2.0
[    0.000000] PID hash table entries: 4096 (order: 2, 16384 bytes)
[    0.000000] Dentry cache hash table entries: 131072 (order: 7, 524288 bytes)
[    0.000000] Inode-cache hash table entries: 65536 (order: 6, 262144 bytes)
[    0.000000] Initializing CPU#0
[    0.000000] allocated 2097144 bytes of page_cgroup
[    0.000000] please try 'cgroup_disable=memory' option if you don't want memory cgroups
[    0.000000] Memory: 751680K/978556K available (6811K kernel code, 1403K rwdata, 2788K rodata, 528K init, 3208K bss, 226876K reserved)
[    0.000000] virtual kernel memory layout:
[    0.000000]     fixmap  : 0xfffa7000 - 0xfffff000   ( 352 kB)
[    0.000000]     vmalloc : 0xc0800000 - 0xfffa5000   (1015 MB)
[    0.000000]     lowmem  : 0x80000000 - 0xc0000000   (1024 MB)
[    0.000000]       .init : 0x812c2000 - 0x81346000   ( 528 kB)
[    0.000000]       .data : 0x80ea731d - 0x812c0f00   (4198 kB)
[    0.000000]       .text : 0x80800000 - 0x80ea731d   (6812 kB)
[    0.000000] Checking if this processor honours the WP bit even in supervisor mode...Ok.
[    0.000000] SLUB: HWalign=64, Order=0-0, MinObjects=0, CPUs=4, Nodes=1
[    0.000000] Preemptible hierarchical RCU implementation.
[    0.000000] NR_IRQS:16 nr_irqs:16 0
[    0.000000] vpic_of_init: Initializing SoFIA vpic
[    0.000000] vpic_of_init: xgold-vpic register remapping: Reg: c0800000, entries c0804000
[    0.000000] irq-xgold: new irq domain: intel,sofia-main-hirq - 1 irqs
[    0.000000] irq-xgold: new irq domain: intel,xgold_eint - 30 irqs
[    0.000000] irq-xgold: new irq domain: intel,xgold_abb - 32 irqs
[    0.000000] irq-xgold: new irq domain: intel,sofia-hirq - 512 irqs
[    0.000000] irq-xgold: new irq domain: intel,xgold_pmu - 24 irqs
[    0.000000] CPU 0 irqstacks, hard=8004a000 soft=8004c000
[    0.000000] logger: created 256K log 'log_kern_bot'
[    0.000000] logger: register logcat console
[    0.000000] --> x86_xgold_time_init
[    0.000000] Intel x86 xgold using soctimer only
[    0.000000] xgold_of_timer_map:Initializing STM FAF to 0x319
[    0.000000] xgold_of_timer_map:Clocksource is not persistent in suspend
[    0.000000] xgold_of_timer_map:Clock event device rating set to 0x32
[    0.000000] XGOLD STM:Clock frequency 26MHz
[    0.000000] XGOLD STM:Clock event min precision 1000000ns
[    0.000000] XGOLD STM:Clock event max precision 1000000000ns
[    0.000000] xgold_of_timer_map: Masking cpu0 for STM usage
[    0.000000] xgold_of_timer_map: Masking cpu1 for STM usage
[    0.000000] XGOLD STM timer used to provide sched clock
[    0.000000] XGOLD STM timer clkevent [1000000ns-1000000000ns]
[    0.000000] xgold_stm_clkevent_setup: Setup clkevent for CPU0
[    0.000000] xgold_stm_clkevent_setup: Installing vector 117 done
[    0.000000] xgold_timer_cc_init:Clock event device rating set to 0x32
[    0.000000] xgold_timer_cc_init:Input clock rate set to 0x18cba80
[    0.000000] xgold_timer_cc_init:Clock event min set to 1000000
[    0.000000] xgold_timer_cc_init:Clock event max set to 1000000000
[    0.000000] xgold_timer_cc_init: Set cpu2 as valid for CC usage
[    0.000000] xgold_timer_cc_init: Set cpu3 as valid for CC usage
[    0.000000] CAPCOM: Registering cc event HW:
[    0.000000]  26000000 Hz, mask c, rating 50
[    0.000000] Initializing capcom clock events Clk event CapCom, mask 4,cc id 0, mult 353f7cf, shift 1f, max 1000000000, min 1000000
[    0.000000] Initializing capcom clock events Clk event CapCom, mask 8,cc id 1, mult 353f7cf, shift 1f, max 1000000000, min 1000000
[    0.000000] <-- x86_xgold_time_init
[    0.000000] xgold_calibrate_tsc: Run it for 10 ms
[    0.000000] xgold_calibrate_tsc: LAPIC Timer frequency is 225.0353 MHz.
[    0.000000] tsc: Detected 8113.122 MHz processor
[    0.020000] pid_max: default: 32768 minimum: 301
[    0.020000] Mount-cache hash table entries: 2048 (order: 1, 8192 bytes)
[    0.020000] Mountpoint-cache hash table entries: 2048 (order: 1, 8192 bytes)
[    0.062100] Initializing cgroup subsys debug
[    0.062124] Initializing cgroup subsys memory
[    0.062154] Initializing cgroup subsys freezer
[    0.062854] CPU: Physical Processor ID: 0
[    0.062865] CPU: Processor Core ID: 2
[    0.063038] Last level iTLB entries: 4KB 48, 2MB 0, 4MB 0
[    0.063038] Last level dTLB entries: 4KB 128, 2MB 16, 4MB 16, 1GB 0
[    0.063038] tlb_flushall_shift: 6
[    0.067270] Freeing SMP alternatives memory: 24K (81346000 - 8134c000)
[    0.067286] ftrace: allocating 26651 entries in 53 pages
[    0.100578] smpboot: CPU0: Genuine Intel(R) CPU         @ 728 (fam: 06, model: 5d, stepping: 01)
[    0.100649] Performance Events: generic architected perfmon, full-width counters, Intel PMU driver.
[    0.100756] ... version:                3
[    0.100769] ... bit width:              40
[    0.100778] ... generic registers:      2
[    0.100786] ... value mask:             000000ffffffffff
[    0.100794] ... max period:             000000ffffffffff
[    0.100802] ... fixed-purpose events:   3
[    0.100809] ... event mask:             0000000700000003
[    0.144843] Initializing Xgold Reset controller driver.
[    0.146322] xgold_reset_do_sanity: Using WO/WC/RO register access scheme
[    0.146408] Registering Xgold Reset controller @c0806000
[    0.146432] xgold_reset_do_sanity: Using WO/WC/RO register access scheme
[    0.146485] Registering Xgold Reset controller @c0856010
[    0.146734] xgold_reset_do_sanity: Using R/W register access scheme
[    0.146789] Registering Xgold Reset controller @c0858100
[    0.148662] xgold_stm_clkevent_setup: Setup clkevent for CPU0
[    0.160296] NMI watchdog: enabled on all CPUs, permanently consumes one hw-PMU counter.
[    0.180579] CPU 1 irqstacks, hard=802c6000 soft=802c8000
[    0.180595] x86: Booting SMP configuration:
[    0.180609] .... node  #0, CPUs:      #1
[    0.020000] Initializing CPU#1
[    0.184144] xgold_stm_clkevent_setup: Setup clkevent for CPU1
[    0.184144] xgold_stm_clkevent_setup: Installing vector 116 done
[    0.200567] CPU 2 irqstacks, hard=80316000 soft=80318000
[    0.200583]  #2
[    0.020000] Initializing CPU#2
[    0.203925] TSC synchronization [CPU#0 -> CPU#2]:
[    0.203940] Measured 1368 cycles TSC warp between CPUs, turning off TSC clock.
[    0.203970] tsc: Marking TSC unstable due to check_tsc_sync_source failed
[    0.204183] Registering Capcom as clock event for cpu 2
[    0.204183] Clock event device 2 set to SHUTDOWN
[    0.204183] Clock event device 2 set to PERIODIC
[    0.220563] CPU 3 irqstacks, hard=80348000 soft=8034a000
[    0.220584]  #3
[    0.020000] Initializing CPU#3
[    0.222111] Registering Capcom as clock event for cpu 3
[    0.222111] Clock event device 3 set to SHUTDOWN
[    0.222111] Clock event device 3 set to PERIODIC
[    0.222111] x86: Booted up 1 node, 4 CPUs
[    0.222111] smpboot: Total of 4 processors activated (3571.71 BogoMIPS)
[    0.240177] pinctrl core: initialized pinctrl subsystem
[    0.240634] regulator-dummy: no parameters
[    0.244699] NET: Registered protocol family 16
[    0.246429] cpuidle: using governor ladder
[    0.246446] cpuidle: using governor menu
[    0.247674] --> xgold_init_machine
[    0.248333] register chip revision 0x10
[    0.280243] rockchip_iommu e2d00800.vpu_mmu: (vpu) Enter
[    0.280468] rockchip_iommu e2d00800.vpu_mmu: (vpu) Initialized
[    0.280754] rockchip_iommu e2d00440.hevc_mmu: (hevc) Enter
[    0.280935] rockchip_iommu e2d00440.hevc_mmu: (hevc) Initialized
[    0.281196] rockchip_iommu e1000300.vop_mmu: (vop) Enter
[    0.281369] rockchip_iommu e1000300.vop_mmu: (vop) Initialized
[    0.307258] <-- xgold_init_machine
[    0.309322] xgold_pm_of_init: 117 pm users added
[    0.310932] xgold_pm_of_init: 34 pm class added
[    0.316961] pinctrl-single e4600000.pinmux: 640 pins at pa c0862000 size 2560
[    0.317191] pinctrl-single e6300000.pinmux: pinctrl: io:@vmm
[    0.317823] pinctrl-single e6300000.pinmux: 384 pins at pa e6300000 size 1536
[    0.318838] gpio: gpio: io: linux-@:c0866000
[    0.318854] gpio: XGold gpio probed base:0 num:106 gpios from gpio
[    0.319040] zz@ read pcl_ctrl = 0x0
[    0.319129] gpio: missing property:intel,gpio-to-irq-num
[    0.319142] gpio: gpio: io: vmm-@:0xe6300000
[    0.319151] gpio: XGold gpio probed base:107 num:45 gpios from gpio
[    0.319350] gpio: pcl_write: mv_svc_pinctrl_service(PINCTRL_SET) fails at 0x0xe630000c - value: 0x0
[    0.319377] gpio: pcl_read: mv_svc_pinctrl_service(PINCTRL_GET) failed at 0x0xe630000c
[    0.319387] zz@ read pcl_ctrl = 0x0
[    0.320123] VPOWER: Running in async mode
[    0.320221] fmdev_init()
[    0.320415] fmdev_init(): Success! retval: 0
[    0.322957] pmic_reg_access: cannot find node 'vmm_pmic-ext'
[    0.323663] Initializing DMA ops for non coherent architecture
[    0.332320] bio: create slab <bio-0> at 0
[    0.332320] xgold_cpuidle_init: Initializing xgold cpuidle driver
[    0.332320] idle xgold: Name | latency | residency | power | flags | vmmid
[    0.332320]  S0 [mclk gated in MC4]   22      50      3       5 1
[    0.332320] Enter xgold_dma_probe
[    0.332821] pl08xdmac pl08xdmac: initialized 8 virtual memcpy channels
[    0.332850] pl08xdmac pl08xdmac: initialized 15 virtual slave channels
[    0.334950] pl08xdmac pl08xdmac: DMA: PL080 rev0 at 0xe0100000 irq 107
[    0.340619] sd_ldo: 3000 mV 
[    0.340769] Registering device PM controlled regulator
[    0.341622] lmmc1: 1800 <--> 2900 mV 
[    0.341979] lemmc: 1800 <--> 2900 mV 
[    0.342239] lcd: 2900 mV 
[    0.342500] XGOLD Network On Chip (NoC) initialisation
[    0.343305] xgold-noc ef000000.l1_noc: XGOLD NoC driver initialization ef000000.l1_noc
[    0.343860] xgold-noc ef000000.l1_noc: 3 probe(s), 4 filter(s), 2 counter(s), error policy: print
[    0.343918] xgold-noc ef000000.l1_noc: intel,LCDC-qos-settings added to list(0)
[    0.343962] xgold-noc ef000000.l1_noc: intel,GPU-qos-settings added to list(0)
[    0.344012] xgold-noc ef000000.l1_noc: intel,CPU1-qos-settings added to list(1)
[    0.340035] xgold-noc ef000000.l1_noc: Error interrupt -0 0x80030108 -1 0x00004d00 -3 0x00000008 -5 0x00000100 -7 0x0000001c
[    0.346834] xgold-noc ef010000.l2_noc: XGOLD NoC driver initialization ef010000.l2_noc
[    0.347472] xgold-noc ef010000.l2_noc: 1 probe(s), 4 filter(s), 2 counter(s), error policy: print
[    0.347489] xgold-noc ef010000.l2_noc: no QoS config list
[    0.340065] xgold-noc ef010000.l2_noc: Error interrupt -0 0x80030000 -1 0x00004400 -3 0x00800064 -5 0x00000100 -7 0x00000004
[    0.349512] SCSI subsystem initialized
[    0.350593] usbcore: registered new interface driver usbfs
[    0.350660] usbcore: registered new interface driver hub
[    0.350749] usbcore: registered new device driver usb
[    0.350771] intel-usb2phy e4800900.phy: get state handler for disable
[    0.350793] intel-usb2phy e4800900.phy: get state handler for suspend
[    0.350807] intel-usb2phy e4800900.phy: get state handler for suspend_no_psv
[    0.350821] intel-usb2phy e4800900.phy: get state handler for enable
[    0.350835] intel-usb2phy e4800900.phy: get state handler for enable_iso
[    0.350936] intel-usb2phy e4800900.phy: Parsing drvvbus and drvvbus-value properties
[    0.350952] intel-usb2phy e4800900.phy: base=0x4, offset=0xd
[    0.350966] intel-usb2phy e4800900.phy: mask=0x2000, disable=0x0, enable=0x1
[    0.351004] intel-usb2phy e4800900.phy: Parsing ridgnd and ridgnd-value properties
[    0.351018] intel-usb2phy e4800900.phy: base=0x4, offset=0x8
[    0.351031] intel-usb2phy e4800900.phy: mask=0x100, disable=0x0, enable=0x1
[    0.351070] intel-usb2phy e4800900.phy: Parsing iddig0 and iddig0-value properties
[    0.351083] intel-usb2phy e4800900.phy: base=0x4, offset=0x0
[    0.351095] intel-usb2phy e4800900.phy: mask=0x1, disable=0x0, enable=0x1
[    0.351144] intel-usb2phy e4800900.phy: Parsing fsvplus and fsvplus-value properties
[    0.351156] intel-usb2phy e4800900.phy: base=0x4, offset=0xb
[    0.351169] intel-usb2phy e4800900.phy: mask=0x800, disable=0x0, enable=0x1
[    0.351221] intel-usb2phy e4800900.phy: Parsing chrgdet and chrgdet-value properties
[    0.351237] intel-usb2phy e4800900.phy: base=0x4, offset=0xc
[    0.351249] intel-usb2phy e4800900.phy: mask=0x1000, disable=0x0, enable=0x1
[    0.351309] intel-usb2phy e4800900.phy: Parsing trim and trim-value properties
[    0.351322] intel-usb2phy e4800900.phy: base=0x8, offset=0x0
[    0.351335] intel-usb2phy e4800900.phy: mask=0xffffffff, disable=0x538352, enable=0x538352
[    0.351365] intel-usb2phy e4800900.phy: Parsing phy_sus and phy_sus-value properties
[    0.351378] intel-usb2phy e4800900.phy: base=0x0, offset=0xb
[    0.351391] intel-usb2phy e4800900.phy: mask=0x800, disable=0x1, enable=0x0
[    0.351403] intel-usb2phy e4800900.phy: base=0x0, offset=0xc
[    0.351415] intel-usb2phy e4800900.phy: mask=0x1000, disable=0x1, enable=0x0
[    0.351449] intel-usb2phy e4800900.phy: Parsing pll_en and pll_en-value properties
[    0.351462] intel-usb2phy e4800900.phy: base=0x0, offset=0x1b
[    0.351475] intel-usb2phy e4800900.phy: mask=0x8000000, disable=0x0, enable=0x1
[    0.351504] intel-usb2phy e4800900.phy: Parsing avalid and avalid-value properties
[    0.351517] intel-usb2phy e4800900.phy: base=0x0, offset=0x16
[    0.351530] intel-usb2phy e4800900.phy: mask=0x400000, disable=0x0, enable=0x1
[    0.351561] intel-usb2phy e4800900.phy: Parsing bvalid and bvalid-value properties
[    0.351574] intel-usb2phy e4800900.phy: base=0x0, offset=0x17
[    0.351586] intel-usb2phy e4800900.phy: mask=0x800000, disable=0x0, enable=0x1
[    0.351619] intel-usb2phy e4800900.phy: Parsing vbusvalid and vbusvalid-value properties
[    0.351632] intel-usb2phy e4800900.phy: base=0x0, offset=0x18
[    0.351645] intel-usb2phy e4800900.phy: mask=0x1000000, disable=0x0, enable=0x1
[    0.351679] intel-usb2phy e4800900.phy: Parsing sessend and sessend-value properties
[    0.351694] intel-usb2phy e4800900.phy: base=0x0, offset=0x19
[    0.351706] intel-usb2phy e4800900.phy: mask=0x2000000, disable=0x0, enable=0x1
[    0.351747] intel-usb2phy e4800900.phy: Parsing commononn and commononn-value properties
[    0.351760] intel-usb2phy e4800900.phy: base=0x0, offset=0xd
[    0.351772] intel-usb2phy e4800900.phy: mask=0x2000, disable=0x0, enable=0x1
[    0.351814] intel-usb2phy e4800900.phy: Parsing vdatsrcenb and vdatsrcenb-value properties
[    0.351828] intel-usb2phy e4800900.phy: base=0x0, offset=0x12
[    0.351840] intel-usb2phy e4800900.phy: mask=0x40000, disable=0x0, enable=0x1
[    0.351885] intel-usb2phy e4800900.phy: Parsing vdatdetenb and vdatdetenb-value properties
[    0.351899] intel-usb2phy e4800900.phy: base=0x0, offset=0x13
[    0.351912] intel-usb2phy e4800900.phy: mask=0x80000, disable=0x0, enable=0x1
[    0.351965] intel-usb2phy e4800900.phy: Parsing dcdenb and dcdenb-value properties
[    0.351979] intel-usb2phy e4800900.phy: base=0x0, offset=0x10
[    0.351992] intel-usb2phy e4800900.phy: mask=0x10000, disable=0x0, enable=0x1
[    0.352040] intel-usb2phy e4800900.phy: Parsing chrgsel and chrgsel-value properties
[    0.352054] intel-usb2phy e4800900.phy: base=0x0, offset=0x15
[    0.352066] intel-usb2phy e4800900.phy: mask=0x200000, disable=0x0, enable=0x1
[    0.352155] intel-usb2phy e4800900.phy: Add reset usb to usb reset list
[    0.352155] intel-usb2phy e4800900.phy: Add reset bus to usb reset list
[    0.352155] of_usb_get_dr_mode mode=3,err=0
[    0.352155] intel-usb2phy e4800900.phy: power budget set to 500 mA
[    0.352155] intel-usb2phy e4800900.phy: got usb reset in 0 us
[    0.352155] intel-usb2phy e4800900.phy: OTG runtime idle
[    0.354161] of_dma_request_slave_channel: dma-names property of node '/xgold/noc/l2_noc/ahb_per@1/i2c_1' missing or empty
[    0.354181] I2C: Enterring xgold_i2c_core_probe
[    0.360858] of_dma_request_slave_channel: dma-names property of node '/xgold/noc/l2_noc/ahb_per@1/i2c_3' missing or empty
[    0.360885] I2C: Enterring xgold_i2c_core_probe
[    0.360885] of_dma_request_slave_channel: dma-names property of node '/xgold/noc/l2_noc/ahb_per@1/i2c_4' missing or empty
[    0.360895] I2C: Enterring xgold_i2c_core_probe
[    0.370598] Linux video capture interface: v2.00
[    0.370960] rk_ion heap cma-heap base:0x00000000 length:0x0c000000 type 4
[    0.371327] Advanced Linux Sound Architecture Driver Initialized.
[    0.373369] Switched to clocksource xgold_stm_clocksource
[    0.381269] Clock event device 3 set to ONESHOT
[    0.383302] Clock event device 2 set to ONESHOT
[    0.419057] loader-logo-on:1
[    0.419084] create rockchip ion client
[    0.419124] rockchip-fb rockchip-fb: rockchip framebuffer driver probe
[    0.421004] rockchip-screen screen.199: rockchip screen probe success
[    0.421817] nanosilicon-lvds nanosilicon-lvds: nanosilicon lvds driver probe success
[    0.423049] graphics fb0: rockchip framebuffer registered:fb0
[    0.424158] graphics fb1: rockchip framebuffer registered:fb1
[    0.424347] graphics fb2: rockchip framebuffer registered:fb2
[    0.425068] rockchip-vop vop0: vop0: dclk:0>>fps:61 
[    0.425086] rockchip-vop vop0: wakeup from standby!
[    0.445174] graphics fb0: fb0:phy:10000000>>vir:c1581000>>len:0x800000
[    0.445202] graphics fb0: copy fb data 1024 x 600  from  addr:0x3f119200 to addr:0x10000000
[    0.517569] rockchip-vop vop0: vop0 probe ok, iommu enabled
[    0.538310] graphics fb3: fb phy:10800000>>vir:c1d82000>>len:0x800000 
[    0.544137] tw9985 1-003c: probing...
[    0.544167] tw9985.pltfrm_camera_module_get_data WARN: cannot not get flash-driver property of node camera-module
[    0.571453] isl79985_write_reg:write reg error:reg=ff,val= 0
[    0.571671] isl79985_read_reg:read reg error: reg= 0
[    0.571691] ============================ok=====Intersil tw9985  id:FFFFFFFF 
[    0.572062] 
[    0.572062]  ====ght wj======3881 tw9992_probe============
[    0.572083] tw9992 1-0044: probing...
[    0.572108] tw9992.pltfrm_camera_module_get_data WARN: cannot not get flash-driver property of node camera-module
[    0.572260] 
[    0.572260]  ====ght wj======3890 tw9992_probe============
[    0.598907] ===3700===================tw9992_check_camera_id=======
[    0.598925] 
[    0.598925]  ====ght wj======3896 tw9992_probe============
[    0.599490] 
[    0.599490]  ====ght wj======3902 tw9992_probe============
[    0.599506] ============================ok=====Intersil isl79985 id:92 
[    0.600308] No video dev found
[    0.601855] NET: Registered protocol family 2
[    0.602570] TCP established hash table entries: 8192 (order: 3, 32768 bytes)
[    0.602641] TCP bind hash table entries: 8192 (order: 4, 65536 bytes)
[    0.602740] TCP: Hash tables configured (established 8192 bind 8192)
[    0.602820] TCP: reno registered
[    0.602837] UDP hash table entries: 512 (order: 2, 16384 bytes)
[    0.602867] UDP-Lite hash table entries: 512 (order: 2, 16384 bytes)
[    0.603119] NET: Registered protocol family 1
[    0.603155] <<-GTP-INFO->> GTP driver installing...
[    0.603674] input: omap-keypad as /devices/virtual/input/input0
[    0.603688] <<-GTP-INFO->> GTP Driver Version: V2.2<2014/01/14>
[    0.603696] <<-GTP-INFO->> GTP Driver Built@11:56:36, Jun 16 2016
[    0.603705] <<-GTP-INFO->> GTP I2C Address: 0x14
[    0.604730] input: goodix-ts as /devices/virtual/input/input1
[    0.604770] <<-GTP-INFO->> Guitar reset
[    0.604770] 
[    0.660212] No video dev found
[    0.720166] No video dev found
[    0.780181] No video dev found
[    0.783263] <<-GTP-INFO->> Chip Type: GOODIX_GT9
[    0.785190] <<-GTP-INFO->> IC Version: 911_1060
[    0.786663] <<-GTP-INFO->> CTP_CONFIG_GROUP1 used, config length: 186
[    0.788131] <<-GTP-INFO->> Driver send config.
[    0.810175] <<-GTP-INFO->> X_MAX: 1024, Y_MAX: 600, TRIGGER: 0x01
[    0.840163] <<-GTP-INFO->> create proc entry gt9xx_config success
[    0.840180] No video dev found
[    0.840394] <<-GTP-INFO->> GTP works in interrupt mode.
[    0.840434] <<-GTP-INFO->> Applied memory size:2562.
[    0.840446] <<-GTP-INFO->> I2C function: without pre and end cmd!
[    0.840471] <<-GTP-INFO->> Create proc entry success!
[    0.841333] CIF ISP2.0 xgold_v4l2_drv_probe: probing...
[    0.842034] =======wj=====cif_isp20_img_srcs_init 1022===
[    0.842046] =======wj=====cif_isp20_img_srcs_init 1025===
[    0.842101] =======wj=====cif_isp20_img_srcs_init 1041===
[    0.842113] CIF ISP2.0 cif_isp20_img_srcs_init: device tw9985 attached to CIF CSI-0
[    0.842122] =======wj=====cif_isp20_img_srcs_init 1025===
[    0.842247] =======wj=====cif_isp20_img_srcs_init 1041===
[    0.842261] CIF ISP2.0 cif_isp20_img_srcs_init: device tw9992 attached to CIF CSI-1
[    0.842725] CIF ISP2.0 cif_isp20_v4l2_register_video_device: video device video0.0 (CIF ISP20 SP) successfully registered
[    0.843385] CIF ISP2.0 cif_isp20_v4l2_register_video_device: video device video2.2 (CIF ISP20 MP) successfully registered
[    0.843501] CIF ISP2.0 cif_isp20_v4l2_register_video_device: video device video3.3 (CIF ISP20 DMA) successfully registered
[    0.844062] Trying to unpack rootfs image as initramfs...
[    0.926090] Freeing initrd memory: 1088K (80400000 - 80510000)
[    0.942510] console [pstore-1] enabled
[    0.942562] pstore: Registered ramoops as persistent store backend
[    0.942581] ramoops: attached 0x219000@0x33571000, ecc: 0/0
[    0.943874] futex hash table entries: 1024 (order: 4, 65536 bytes)
[    0.943953] Initialise system trusted keyring
[    0.944136] audit: initializing netlink subsys (disabled)
[    0.944210] audit: type=2000 audit(946684800.940:1): initialized
[    0.954280] exFAT: Version 1.2.9
[    0.954439] fuse init (API version 7.22)
[    0.954980] msgmni has been set to 1854
[    0.967742] alg: No test for stdrng (krng)
[    0.967858] Key type asymmetric registered
[    0.967880] Asymmetric key parser 'x509' registered
[    0.968174] Block layer SCSI generic (bsg) driver version 0.4 loaded (major 251)
[    0.968195] io scheduler noop registered
[    0.968356] io scheduler cfq registered (default)
[    0.981436] rga: create rockchip ion client for RGA
[    0.981623] rga: Driver loaded successfully
[    0.982044] mvpipe enumerate instance name at
[    0.982769] mvpipe enumerate instance name at2
[    0.983367] mvpipe enumerate instance name atc
[    0.983938] mvpipe enumerate instance name at2c
[    0.984506] mvpipe enumerate instance name at-dbg
[    0.985097] mvpipe enumerate instance name bplog
[    0.985668] mvpipe enumerate instance name fttool
[    0.986234] mvpipe enumerate instance name streamline
[    0.986817] mvpipe enumerate instance name backup
[    0.987414] mvpipe enumerate instance name echo
[    0.987994] mvpipe enumerate instance name secmd
[    0.988587] mvpipe enumerate instance name sedat0
[    0.989176] mvpipe enumerate instance name oec_dat
[    0.989825] mvpipe enumerate instance name vpu
[    0.990731] mvpipe enumerate instance name vpu_ion
[    0.991353] mvpipe enumerate instance name GTI
[    0.991977] mvpipe enumerate instance name veth_ctrl
[    0.992592] mvpipe enumerate instance name lpmp3
[    0.993222] mvpipe enumerate instance name lpmp3_dbg
[    0.994755] VOEMCRYPTO-FE: Initializing.
[    0.995417] VOEMCRYPTO-FE: Initialized.
[    0.995439] vdump: init
[    0.995581] vdump: Kernel vdump Thread create.
[    0.995949] vdump: Kernel vdump Thread: vdump Thread
[    0.995998] vdump: Kernel vdump Thread enter.
[    0.996020] vdump: vdump_detect[/system/etc/vdump.conf]
[    0.996078] vdump: Gadget fp=fffffffe open failed!
[    0.996321] mveth: virtual Ethernet device driver 1.0.
[    0.996931] mveth enumerate instance name veth0
[    0.998128] mveth enumerate instance name veth1
[    0.998703] virtual Ethernet device driver initialized
[    1.001079] TEE_RPC REGISTERED major : 229
[    1.002013] IDI AG6x0 client init
[    1.002081] Registering IDI driver
[    1.005957] idi idi-0: : Rev: 4   Mod ID: 130   TS Rev: 777
[    1.005988] idi idi-0: : Software check: 16 channels
[    1.006007] idi idi-0: : SRB Multiple Source: 0x0000000c
[    1.006024] idi idi-0: : SRB Error Config: 0x0000000c
[    1.009253] AG6x0 idi_client-0: AGold using secure access
[    1.012793] : Miss PM info
[    1.013639] idi-error idierror-0: imc_idi_error_probe: probe return 0
[    1.018888] XGOLD USIF serial driver
[    1.019803] serial-usif-xgold e1100000.usif1: default 50ms fci poll
[    1.019836] serial-usif-xgold e1100000.usif1: runtime_pm_enabled is disable
[    1.019856] serial-usif-xgold e1100000.usif1: runtime_pm_debug is disable
[    1.019878] serial-usif-xgold e1100000.usif1: rpm_suspend_delay set to 5000
[    1.019899] serial-usif-xgold e1100000.usif1: auto_suspend_enable is disable
[    1.021004] e1100000.usif1: ttyS0 at MMIO 0xe1100000 (irq = 35, base_baud = 6500000) is a XGOLD_USIF
[    3.000665] vdump: Gadget fp=fffffffe open failed!
[    3.661602] console [ttyS0] enabled
[    3.665766] serial-usif-xgold e1200000.usif2: default 50ms fci poll
[    3.672141] serial-usif-xgold e1200000.usif2: runtime_pm_enabled is disable
[    3.678889] serial-usif-xgold e1200000.usif2: runtime_pm_debug is disable
[    3.685901] serial-usif-xgold e1200000.usif2: rpm_suspend_delay set to 5000
[    3.692803] serial-usif-xgold e1200000.usif2: auto_suspend_enable is disable
[    3.700743] e1200000.usif2: ttyS1 at MMIO 0xe1200000 (irq = 36, base_baud = 6500000) is a XGOLD_USIF
[    3.710633] -------------- CommonOpt init ----------------- 
[    3.723515] tadi_driver_probe: trace port:[mem 0x80000000-0x80ffffff] - ioremap:c3400000
[    3.731583] tadi_driver_probe: Register tdcons console
[    3.737078] Mali Platform: mali_platform_init()
[    3.742551] Mali Platform: mali_platform_device_init()
[    3.747627] Mali Platform: ultra_high_perf is enabled
[    3.753547] Mali Platform: fb   region @0x08000000 length = 0x08000000 (128MB)
[    3.760772] Mali Platform: rsvd region @0x00000000 length = 0x00000000 (0MB)
[    3.767672] Mali Platform: os   region length = 0x20000000 (512MB)
[    3.773963] Mali Platform: dvfs is enabled
[    3.777939] Mali Platform: dvfs_clock_config from DT:
[    3.783100] Mali Platform: {208, 1000}
[    3.786816] Mali Platform: {312, 2000}
[    3.790594] Mali Platform: {416, 3000}
[    3.794232] Mali Platform: {600, 4000}
[    3.798554] xgold-noc ef000000.l1_noc: Error interrupt -0 0x80030008 -1 0x00004d20 -3 0x00000088 -5 0x00000100 -7 0x0000001c
[    3.814228] brd: module loaded
[    3.821076] loop: module loaded
[    3.824541] zram: Created 1 device(s) ...
[    3.829740] hx280enc: registered platform driver
[    3.835083] hx170dec: registered platform driver[    3.839501] xgold Vibrator init
[    3.843481] vibra-xgold e6501400.vibrator: AGold vibrator using secure access
[    3.850900] vibra-xgold e6501400.vibrator: Vibrator driver probed
[    3.856964] pmic Vibrator init
[    3.861223] vcodec e2d00000.vpu_combo: probe device.
[    3.866103] ->state: high_perf
[    3.869236] e2d00000.vpu_combo: power on.
[    3.877112] ->state: disable
[    3.879950] e2d00000.vpu_combo: power off.
[    3.884061] vcodec e2d00000.vpu_combo: init success.
[    3.890141] tun: Universal TUN/TAP device driver, 1.6
[    3.895001] tun: (C) 1999-2004 Max Krasnyansky <maxk@qualcomm.com>
[    3.901524] PPP generic driver version 2.4.2
[    3.905729] PPP BSD Compression module registered
[    3.910425] PPP Deflate Compression module registered
[    3.915356] PPP MPPE Compression module registered
[    3.920275] NET: Registered protocol family 24
[    3.926329] of_usb_get_dr_mode mode=3,err=0
[    4.231016] e2100000.usb supply vusb_d not found, using dummy regulator
[    4.237486] e2100000.usb supply vusb_a not found, using dummy regulator
[    4.280189] dwc2 e2100000.usb: EPs: 16, dedicated fifos, 4672 entries in SPRAM
[    4.848997] ####intel_usb2phy_set_host start
[    4.853296] dwc2 e2100000.usb: DWC OTG Controller
[    4.857829] dwc2 e2100000.usb: new USB bus registered, assigned bus number 1
[    4.865053] dwc2 e2100000.usb: irq 55, io mem 0x00000000
[    5.010179] vdump: Gadget fp=fffffffe open failed!
[    5.431397] hub 1-0:1.0: USB hub found
[    5.435012] hub 1-0:1.0: 1 port detected
[    5.440245] usbcore: registered new interface driver usb-storage
[    5.446199] usbcore: registered new interface driver ums-alauda
[    5.452178] usbcore: registered new interface driver ums-cypress
[    5.458059] usbcore: registered new interface driver ums-datafab
[    5.464188] usbcore: registered new interface driver ums_eneub6250
[    5.470353] usbcore: registered new interface driver ums-freecom
[    5.476297] usbcore: registered new interface driver ums-isd200
[    5.482295] usbcore: registered new interface driver ums-jumpshot
[    5.488244] usbcore: registered new interface driver ums-karma
[    5.494291] usbcore: registered new interface driver ums-onetouch
[    5.500376] usbcore: registered new interface driver ums-realtek
[    5.506220] usbcore: registered new interface driver ums-sddr09
[    5.512349] usbcore: registered new interface driver ums-sddr55
[    5.518091] usbcore: registered new interface driver ums-usbat
[    5.525349] gpio-15 (intel,ec-gpio-bd): gpiod_request: status -16
[    5.531639] gpio-keys-polled gpio-keys-polled.203: unable to claim gpio 15, err=-16
[    5.539098] gpio-keys-polled: probe of gpio-keys-polled.203 failed with error -16
[    5.546851] xgold_keypad_init
[    5.550595] kpd-xgold e4200000.keypad: get keypad,kp_in0 error
[    5.556281] kpd-xgold e4200000.keypad: get keypad,kp_in2 error
[    5.562230] kpd-xgold e4200000.keypad: get keypad,kp_in5 error
[    5.567902] kpd-xgold e4200000.keypad: get keypad,kp_in6 error
[    5.573940] kpd-xgold e4200000.keypad: get keypad,kp_in7 error
[    5.580429] input: kpd-xgold as /devices/soc0/e0000000.noc/ef010000.l2_noc/e4000000.ahb_per/e4200000.keypad/input/input3
[    5.591490] kpd-xgold e4200000.keypad: keypad probed
[    5.598974] input: xgold-on-button as /devices/soc0/e0000000.noc/ef010000.l2_noc/e6100000.idi_per/e6600000.agold/on_button.173/input/input4
[    5.611986] enter into uartkey_init
[    5.615594] input: fibocom uart to key as /devices/virtual/input/input5
[    5.622316] ltr559: ltr559 sysfs driver init
[    5.626834] ###Len++ lsm330dlc_acc_init[1813]
[    5.631197] lsm330dlc_acc accelerometer driver: init
[    5.636273] ###Len++ lsm330dlc_acc_probe[1486]
[    5.640805] lsm330dlc_acc 3-0018: probe start.
[    5.645057] ###Len++ lsm330dlc_acc_probe[1513]
[    5.649490] ###Len++ lsm330dlc_acc_probe[1565]
[    5.654064] ###Len++ lsm330dlc_acc_probe[1604]
[    5.658382] lsm330dlc_acc: hw init start
[    5.664506] lsm330dlc_acc: hw init done
[    5.669193] input: lsm330dlc_acc as /devices/soc0/e0000000.noc/ef010000.l2_noc/e1000000.ahb_per/e1600000.i2c_3/i2c-3/3-0018/input/input6
[    5.681807] ###Len++ lsm330dlc_acc_probe[1704]
[    5.686062] lsm330dlc_acc 3-0018: lsm330dlc_acc: probed
[    5.691458] i2c-core: driver [lsm330dlc_acc] using legacy suspend method
[    5.697960] i2c-core: driver [lsm330dlc_acc] using legacy resume method
[    5.704809] lsm330dlc_gyr: gyroscope sysfs driver init
[    5.710174] lsm330dlc_gyr 3-006a: probe start.
[    5.714459] lsm330dlc_gyr 3-006a: polling mode enabled
[    5.719494] lsm330dlc_gyr 3-006a: hw init
[    5.725214] input: lsm330dlc_gyr as /devices/soc0/e0000000.noc/ef010000.l2_noc/e1000000.ahb_per/e1600000.i2c_3/i2c-3/3-006a/input/input7
[    5.737628] lsm330dlc_gyr 3-006a: power off
[    5.741931] lsm330dlc_gyr 3-006a: lsm330dlc_gyr probed: device created successfully
[    5.750186] xgold_rtc rtc.165: rtc access are synchronous
[    5.755496] xgold_rtc rtc.165: map rtc alarm irq index 262
[    5.761546] xgold_rtc rtc.165: rtc core: registered rtc.165 as rtc0
[    5.767610] rtc: RTC virtualized driver probed
[    5.772659] i2c /dev entries driver
[    5.776589] FMR: Intel FM Radio driver version : 1.00
[    5.781698] idi_bus_match:fmr-0-ag6x0_fmr: Using peripheral type for registration process is deprecated
[    5.791034] idi_bus_match:fmr-0-ag6x0_fmr: Please idi device id and driver id table
[    5.798615] FMR: Device probe called
[    5.802275] FMR: V4l2 device registration
[    5.806414] FMR: Registration with Frequency manager successful
[    5.812358] FMR: FM Radio device PM registration successful
[    5.817855] FMR: driver initialised successfully
[    5.824461] spcu_thermal e4700000.spcu_thermal1: Thermal zone device registered, type=coretemp1
[    5.834175] spcu_thermal e4700000.spcu_thermal3: Thermal zone device registered, type=coretemp3
[    5.843787] spcu_thermal e4700000.spcu_thermal4: Thermal zone device registered, type=coretemp4
[    5.853369] spcu_thermal e4700000.spcu_thermal5: Thermal zone device registered, type=coretemp5
[    5.862795] device-mapper: uevent: version 1.0.3
[    5.867530] device-mapper: ioctl: 4.27.0-ioctl (2013-10-30) initialised: dm-devel@redhat.com
[    5.878803] xgold_cpufreq_probe:platform_get_irq_byname(CPU_CLK_CHANGE) (virq:307)
[    5.887383] sdhci: Secure Digital Host Controller Interface driver
[    5.893614] sdhci: Copyright(c) Pierre Ossman
[    5.897771] sdhci-pltfm: SDHCI platform and OF driver helper
[    5.906339] xgold-sdhci e2800000.emmc: sdhci: io: linux-@:c4780000
[    5.914507] sdhci: e2800000.emmc, rpm = 1
[    5.919529] mmc0: no vqmmc regulator found
[    5.924921] mmc0: no vmmc regulator found
[    5.980257] mmc0: SDHCI controller on e2800000.emmc [e2800000.emmc] using ADMA
[    5.989028] xgold-sdhci e1400000.sd: sdhci: io: linux-@:c4a80000
[    5.997849] xgold-sdhci e1400000.sd: Got CD GPIO #43.
[    6.007582] sdhci: e1400000.sd, rpm = 1
[    6.070166] mmc1: SDHCI controller on e1400000.sd [e1400000.sd] using ADMA
[    6.077933] leds_pwm pwmleds.197: led pwm backlight driver probed
[    6.086950] leds-agold620 e6501800.agold620-backlight: AGOLD620 backlight driver probed
[    6.095386] ------------[ cut here ]------------
[    6.099858] WARNING: CPU: 1 PID: 1 at /fwork4/zhuxm/work/battle/sofia-3gr-ww39/linux-3.10/fs/sysfs/dir.c:52 sysfs_warn_dup+0x80/0xa0()
[    6.103415] mmc0: BKOPS_EN bit is not set
[    6.116249] sysfs: cannot create duplicate filename '/class/leds/lcd-backlight'
[    6.123689] Modules linked in:
[    6.126581] CPU: 1 PID: 1 Comm: swapper/0 Not tainted 3.14.0 #2
[    6.132799]  00000000 00000000 8022bcac 80e9f117 81090348 8022bcdc 8083e344 81090318
[    6.140424]  8022bd08 00000001 81090348 00000034 809999e0 809999e0 802cb000[    6.146679] mmc0: new high speed DDR MMC card at address 0001
[    6.147618] mmc0: calculated max. discard sectors 3072 for timeout 2581 ms
[    6.148406] mmcblk0: mmc0:0001 H8G1e 7.28 GiB 
[    6.148744] mmc0: calculated max. discard sectors 3072 for timeout 2581 ms
[    6.149365] mmcblk0boot0: mmc0:0001 H8G1e partition 1 4.00 MiB
[    6.149688] mmc0: calculated max. discard sectors 3072 for timeout 2581 ms
[    6.150663] mmcblk0boot1: mmc0:0001 H8G1e partition 2 4.00 MiB
[    6.151140] mmc0: calculated max. discard sectors 3072 for timeout 2581 ms
[    6.151451] mmcblk0rpmb: mmc0:0001 H8G1e partition 3 4.00 MiB

[    6.202937]  802cb000
[    6.205201]  802e6990 8022bcf4 8083e403 00000009 8022bcec 81090318 8022bd08 8022bd18
[    6.212994]  mmcblk0: p1 p2 p3 p4 p5 p6 p7 p8 p9 p10 p11 p12 p13 p14 p15 p16 p17
[    6.216440] rpmb_rpc: rpmb partition created
[    6.216453] [sec_rpc] rpc_call: Found entry ID: 0
[    6.216457] [sec_rpc] rpc_call: Shared memory block size: 4046
[    6.235459] Call Trace:
[    6.235604]  mmcblk0boot1: unknown partition table
[    6.242799]  [<80e9f117>] dump_stack+0x48/0x69
[    6.247149]  [<8083e344>] warn_slowpath_common+0x84/0xa0
[    6.247319]  mmcblk0boot0: unknown partition table
[    6.259368]  [<809999e0>] ? sysfs_warn_dup+0x80/0xa0
[    6.264419]  [<809999e0>] ? sysfs_warn_dup+0x80/0xa0
[    6.269195]  [<8083e403>] warn_slowpath_fmt+0x33/0x40
[    6.274386]  [<809999e0>] sysfs_warn_dup+0x80/0xa0
[    6.279112]  [<80999ce8>] sysfs_do_create_link_sd.isra.2+0xa8/0xb0
[    6.285423]  [<80999d15>] sysfs_create_link+0x25/0x40
[    6.290436]  [<80b47e28>] device_add+0x2b8/0x500
[    6.294946]  [<80aad796>] ? kvasprintf+0x46/0x60
[    6.299460]  [<80b48129>] device_create_groups_vargs+0xb9/0xd0
[    6.305493]  [<80b481ad>] device_create_vargs+0x2d/0x40
[    6.310719]  [<80b481ed>] device_create+0x2d/0x30
[    6.315349]  [<80cdd909>] led_classdev_register+0x39/0xe0
[    6.320826]  [<80cdef7c>] xgold_led_probe+0x6c/0x250
[    6.325640]  [<80cdf331>] agold620_led_probe+0x131/0x1b0
[    6.331167]  [<80b4be7c>] platform_drv_probe+0x1c/0x50
[    6.336113]  [<80b4a112>] ? driver_sysfs_add+0x72/0xa0
[    6.341391]  [<80b4a37e>] driver_probe_device+0x6e/0x200
[    6.346564]  [<80cf90e1>] ? of_match_device+0x21/0x30
[    6.351822]  [<80b4bde2>] ? platform_match+0x22/0xa0
[    6.356591]  [<80b4a5a1>] __driver_attach+0x91/0xa0
[    6.361684]  [<80b4a510>] ? driver_probe_device+0x200/0x200
[    6.367051]  [<80b48cfa>] bus_for_each_dev+0x4a/0x80
[    6.372230]  [<80b49f41>] driver_attach+0x21/0x30
[    6.376741]  [<80b4a510>] ? driver_probe_device+0x200/0x200
[    6.382457]  [<80b49b74>] bus_add_driver+0xd4/0x1e0
[    6.387190]  [<80b4ab79>] driver_register+0x59/0xe0
[    6.392271]  [<80b4b793>] __platform_driver_register+0x43/0x50
[    6.397909]  [<812f71d6>] agold620_led_init+0xf/0x11
[    6.403026]  [<808003e0>] do_one_initcall+0x30/0x140
[    6.407842]  [<812f71c7>] ? led_pwm_driver_init+0x11/0x11
[    6.413511]  [<8085a7d2>] ? parse_args+0x222/0x340
[    6.418185]  [<812c2b23>] kernel_init_freeable+0xea/0x18c
[    6.423706]  [<812c24d2>] ? do_early_param+0x74/0x74
[    6.428554]  [<80e98d20>] kernel_init+0x10/0xe0
[    6.428824] mmc1: new ultra high speed SDR25 SDHC card at address 59b4
[    6.429358] mmc1: calculated max. discard sectors 24576 for timeout 2581 ms
[    6.429830] mmcblk1: mmc1:59b4 USDU1 14.7 GiB 
[    6.431291]  mmcblk1: p1
[    6.453628]  [<80ea5ff7>] ret_from_kernel_thread+0x1b/0x28
[    6.458998]  [<80e98d10>] ? rest_init+0x80/0x80
[    6.463826] ---[ end trace 56912f1fddcc505a ]---
[    6.469508] leds-agold620 e6501800.agold620-backlight: unable to register with Leds class
[    6.477876] leds-agold620: probe of e6501800.agold620-backlight failed with error -22
[    6.486615] i2c-core: driver [lp8557] using legacy resume method
[    6.494936] usbcore: registered new interface driver usbhid
[    6.500535] usbhid: USB HID core driver
[    6.505035] ashmem: initialized
[    6.508198] logger: created 512K log 'log_main'
[    6.512908] logger: created 256K log 'log_events'
[    6.517558] logger: created 256K log 'log_radio'
[    6.522289] logger: created 256K log 'log_system'
[    6.528748] ag620_meas meas-0: Initializing MEAS AG620 HAL
[    6.534385] ag620_meas: meas_ag620_probe: agold_chip_rev=0x0021
[    6.540266] ag620_meas meas-0: meas_ag620_probe: getting handlers for dev pm states...
[    6.548849] intel_adc: Registering AGOLD 620 MEAS HAL, 10 channels available.
[    6.555965] intel_adc:       chan=0, id=21
[    6.559472] intel_adc:       chan=1, id=8
[    6.563157] intel_adc:       chan=2, id=17
[    6.566700] intel_adc:       chan=3, id=22
[    6.570467] intel_adc:       chan=4, id=23
[    6.574052] intel_adc:       chan=5, id=24
[    6.577633] intel_adc:       chan=6, id=0
[    6.581378] intel_adc:       chan=7, id=1
[    6.584820] intel_adc:       chan=8, id=2
[    6.588347] intel_adc:       chan=9, id=12
[    6.592228] intel_adc: All HALs were registered, probing the abstraction layer...
[    6.599606] ag620_meas meas-0: Probing the ADC
[    6.605842] intel_adc_sensors: platform_name = ag620
[    6.612338] usbcore: registered new interface driver snd-usb-audio
[    6.621861] dsp_audio_drv_probe: ioremap for [mem 0xe3600000-0xe3603fff] returned c0ff8000
[    6.631137] dsp_audio_drv_probe: ioremap for [mem 0xe3604000-0xe3803fff] returned c4e00000
[    6.639601] snd: dsp: read dsp-supply property failed
[    6.644998] dsp_clock_init set state return 0
[    6.652375] DSP initialization done 0
[    6.657408] XGOLD_MACHINE sound.202: ASoC: CPU DAI (null) not registered
[    6.664131] snd: mac: xgold_mc_probe: unable to register sound card err -517
[    6.671157] platform sound.202: Driver XGOLD_MACHINE requests probe deferral
[    6.679635] snd: voice: xgold_voice_probe :
[    6.686355] xgold_bt_sco btauif-0: No 48k clock available
[    6.691872] BTAUIF device PM registration success
[    6.696621] oprofile: using NMI interrupt.
[    6.701053] u32 classifier
[    6.703575]     Actions configured
[    6.706939] Netfilter messages via NETLINK v0.30.
[    6.711859] nf_conntrack version 0.5.0 (14834 buckets, 59336 max)
[    6.718417] ctnetlink v0.93: registering with nfnetlink.
[    6.724281] xt_time: kernel timezone is -0000
[    6.728455] ip_set: protocol 6
[    6.732226] ip_tables: (C) 2000-2006 Netfilter Core Team
[    6.737561] arp_tables: (C) 2002 David S. Miller
[    6.742256] TCP: cubic registered
[    6.745384] Initializing XFRM netlink socket
[    6.750442] NET: Registered protocol family 10
[    6.756645] mip6: Mobile IPv6
[    6.759469] ip6_tables: (C) 2000-2006 Netfilter Core Team
[    6.765181] sit: IPv6 over IPv4 tunneling driver
[    6.770554] NET: Registered protocol family 17
[    6.774922] NET: Registered protocol family 15
[    6.779239] l2tp_core: L2TP core driver, V2.0
[    6.783870] l2tp_ppp: PPPoL2TP kernel driver, V2.0
[    6.789852] Using IPI No-Shortcut mode
[    6.794042] Loading compiled-in X.509 certificates
[    6.798662] registered taskstats version 1
[    6.803055] regulator-dummy: disabling
[    6.809077] snd-soc-dummy snd-soc-dummy: ASoC: Failed to create platform debugfs directory
[    6.817431] control 2:0:0:DSP Audio send cmd:0 is already present
[    6.823565] Speech Probe speech_probe.171: ASoC: Failed to add DSP Audio send cmd: -16
[    6.834142] XGOLD_MACHINE sound.202: snd-soc-dummy-dai <-> pcm_music.169 mapping ok
[    6.842234] XGOLD_MACHINE sound.202: ag620_afe <-> pcm_voice.170 mapping ok
[    6.851557] XGOLD_MACHINE sound.202: snd-soc-dummy-dai <-> pcm_music.169 mapping ok
[    6.861850] XGOLD_MACHINE sound.202: snd-soc-dummy-dai <-> pcm_music.169 mapping ok
[    6.869645] XGOLD_MACHINE sound.202: snd-soc-dummy-dai <-> XGOLD_SPEECH_PROBE_A mapping ok
[    6.878253] XGOLD_MACHINE sound.202: snd-soc-dummy-dai <-> XGOLD_SPEECH_PROBE_A mapping ok
[    6.886980] XGOLD_MACHINE sound.202: snd-soc-dummy-dai <-> XGOLD_SPEECH_PROBE_A mapping ok
[    6.897220] XGOLD_MACHINE sound.202: snd-soc-dummy-dai <-> pcm_music.169 mapping ok
[    6.908126] input: xgold_afe-audio Headset as /devices/sound.202/sound/card0/input8
[    6.918560] snd: mac: xgold_mc_probe: ext_amp_gpio node not found
[    6.925305] file system registered
[    6.931000] Number of LUNs=8
[    6.933726] Mass Storage Function, version: 2009/09/11
[    6.938903] LUN: removable file: (no medium)
[    6.943716] android_usb gadget: android_usb ready
[    6.952296] intel-usb2phy e4800900.phy: (null) work
[    6.956982] intel-usb2phy e4800900.phy: ID set
[    6.961636] dwc2 e2100000.usb: bound driver android_usb
[    6.967837] xgold_rtc rtc.165: setting system clock to 2000-01-01 00:00:07 UTC (946684807)
[    6.976225] intel-usb2phy e4800900.phy: BSV set
[    6.980805] intel-usb2phy e4800900.phy: b_sess_vld,chg_state:0
[    6.980940] idi_bus_match:i2c_5-0-xgold-i2c-idi: Using peripheral type for registration process is deprecated
[    6.980948] idi_bus_match:i2c_5-0-xgold-i2c-idi: Please idi device id and driver id table
[    6.982175] I2C: Enterring xgold_i2c_core_probe
[    7.009437] intel-usb2phy e4800900.phy: chg detection work
[    7.009744] ag620_meas: AGOLD TEMP_ALERT_REG 0x00000040 at boot
[    7.009756] ag620_meas: AGOLD thermal protection disabled at 329000 mK,
[    7.009758] ag620_meas: TEMP_ALERT_REG 0x00000050
[    7.032271] vdump: Gadget fp=fffffffe open failed!
[    7.038460] ag620_thermal: PMICTEMP_SENSOR
[    7.044183] ALSA device list:
[    7.046975]   #0: xgold_afe-audio
[    7.056406] Freeing unused kernel memory: 528K (812c2000 - 81346000)
[    7.063163] Write protecting the kernel text: 6816k
[    7.068273] Write protecting the kernel read-only data: 2792k
[    7.074019] NX-protecting the kernel data: 5472k
[    7.087620] init: /init.sofia3g.rc: 418: ignored duplicate definition of service 'media'
[    7.101462] init: invalid gid 'trace'
[    7.130170] intel-usb2phy e4800900.phy: chg detection work
[    7.170152] intel-usb2phy e4800900.phy: chg detection work
[    7.175530] intel-usb2phy e4800900.phy: chg detection work
[    7.181165] intel-usb2phy e4800900.phy: chg_type = USB_SDP_CHARGER
[    7.187147] intel-usb2phy e4800900.phy: b_idle work
[    7.192161] intel-usb2phy e4800900.phy: b_sess_vld,chg_state:5
[    7.197854] ####intel_otg_notify_charger start
[    7.202460] intel-usb2phy e4800900.phy: Avail curr from USB = 500
[    7.208388] ####intel_usb2phy_notifier start
[    7.212851] intel-usb2phy e4800900.phy: gadget on
[    7.348724] init: /dev/hw_random not found
[    7.366537] init: /dev/hw_random not found
[    7.391941] EXT4-fs (mmcblk0p14): mounted filesystem with ordered data mode. Opts: (null)
[    7.400389] fs_mgr: __mount(source=/dev/block/platform/soc0/e0000000.noc/by-name/ImcPartID068,target=/system,type=ext4)=0
[    7.414633] EXT4-fs (mmcblk0p16): Ignoring removed nomblk_io_submit option
[    7.571779] EXT4-fs (mmcblk0p16): recovery complete
[    7.577598] EXT4-fs (mmcblk0p16): mounted filesystem with ordered data mode. Opts: nomblk_io_submit,errors=remount-ro
[    7.588395] fs_mgr: check_fs(): mount(/dev/block/platform/soc0/e0000000.noc/by-name/ImcPartID069,/data,ext4)=0
[    7.663567] fs_mgr: Running /system/bin/e2fsck on /dev/block/platform/soc0/e0000000.noc/by-name/ImcPartID069
[    7.780586] e2fsck: e2fsck 1.42.9 (28-Dec-2013)
[    7.785014] e2fsck: /dev/block/platform/soc0/e0000000.noc/by-name/ImcPartID069: clean, 3870/356224 files, 168680/1424252 blocks
[    7.802818] EXT4-fs (mmcblk0p16): mounted filesystem with ordered data mode. Opts: journal_async_commit,noauto_da_alloc,discard,data=ordered
[    7.815519] fs_mgr: __mount(source=/dev/block/platform/soc0/e0000000.noc/by-name/ImcPartID069,target=/data,type=ext4)=0
[    7.829154] EXT4-fs (mmcblk0p13): Ignoring removed nomblk_io_submit option
[    7.847753] EXT4-fs (mmcblk0p13): recovery complete
[    7.853534] EXT4-fs (mmcblk0p13): mounted filesystem with ordered data mode. Opts: nomblk_io_submit,errors=remount-ro
[    7.864266] fs_mgr: check_fs(): mount(/dev/block/platform/soc0/e0000000.noc/by-name/ImcPartID070,/cache,ext4)=0
[    7.932972] fs_mgr: Running /system/bin/e2fsck on /dev/block/platform/soc0/e0000000.noc/by-name/ImcPartID070
[    7.977734] e2fsck: e2fsck 1.42.9 (28-Dec-2013)
[    7.982371] e2fsck: /dev/block/platform/soc0/e0000000.noc/by-name/ImcPartID070: clean, 20/35200 files, 4557/140800 blocks
[    8.001849] EXT4-fs (mmcblk0p13): mounted filesystem with ordered data mode. Opts: (null)
[    8.010135] fs_mgr: __mount(source=/dev/block/platform/soc0/e0000000.noc/by-name/ImcPartID070,target=/cache,type=ext4)=0
[    8.061002] Adding 196604k swap on /dev/block/zram0.  Priority:-1 extents:1 across:196604k SS
[    8.109486] ===>> open device
[    8.112513] ====> CommonOptdriver: device closed!!!
[    8.121975] xgold_gpio_to_irq: Can't bind gpio to interrupt
[    8.127892] xgold_gpio_to_irq: Can't bind gpio to interrupt
[    8.134170] xgold_gpio_to_irq: Can't bind gpio to interrupt
[    8.254684] init: cannot find '/system/bin/earlyaudio', disabling 'earlyaudio'
[    8.290526] idi_bus_match:gnss-0-ttyGNSS: Using peripheral type for registration process is deprecated
[    8.299772] idi_bus_match:gnss-0-ttyGNSS: Please idi device id and driver id table
[    8.308095] ttyGNSS gnss-0: missing usif reset controller
[    8.313798] ttyGNSS gnss-0: default 50ms fci poll
[    8.318479] ttyGNSS gnss-0: runtime_pm_enabled is disable
[    8.324051] ttyGNSS gnss-0: runtime_pm_debug is disable
[    8.329221] ttyGNSS gnss-0: rpm_suspend_delay set to 5000
[    8.334953] ttyGNSS gnss-0: auto_suspend_enable is disable
[    8.340485] ttyGNSS gnss-0: Data path property set to IDI
[    8.346786] gnss-0: ttyGNSS0 at MMIO 0xe7700000 (irq = 298, base_baud = 6500000) is a XGOLD_USIF
[    8.392441] EXT4-fs: Warning: mounting with data=journal disables delayed allocation and O_DIRECT support!
[    8.410274] rk_ion /dev/mvpipe-vpu_ion link 0xb05e8b40 established
[    8.440964] EXT4-fs (mmcblk0p5): recovery complete
[    8.447206] EXT4-fs (mmcblk0p5): mounted filesystem with journalled data mode. Opts: data=journal
[    8.461769] android_usb: already disabled
[    8.471845] read descriptors
[    8.474666] read strings
[    8.477106] mtp_bind_config
[    8.540189] random: nonblocking pool is initialized
[    8.617188] logd.auditd: start
[    8.633317] opening device
[    8.636087] [sec_rpc] rpc_call: Found entry ID: 0
[    8.642197] [sec_rpc] rpc_call: Shared memory block size: 4046
[    8.663726] dwc2 e2100000.usb: new device is high-speed
[    8.672544] Loading modules backported from iwlwifi
[    8.677500] iwlwifi-stack-slave-bus:release/LinuxCore5:3455:68df6cfe
[    8.692951] warning: `rpc-daemon' uses 32-bit capabilities (legacy support in use)
[    8.720716] dwc2 e2100000.usb: new address 26
[    8.740654] android_setup=b133c300
[    8.744045] android_setup=b133c300android_setup=b133c300
[    8.749533] android_setup=b133c300android_setup=b133c300
[    8.755560] android_setup=b133c300[    8.755540] android_work: sent uevent USB_STATE=CONNECTED
[    8.764719] android_setup=b133c300[    8.766168] cfg80211: Calling CRDA to update world regulatory domain

[    8.774541] android_setup=b133c300android_setup=b133c300android_usb gadget: high-speed config #1: android
[    8.784307] ####intel_usb2phy_set_power start
[    8.784307] ####intel_otg_notify_charger start
[    8.794001] android_setup=b133c300[    8.794833] android_work: sent uevent USB_STATE=CONFIGURED

[    8.803230] android_setup=b133c300android_setup=b133c300android_setup=b133c300
[    8.811053] android_setup=b133c300android_setup=b133c300
[    8.817071] android_setup=b133c300android_setup=b133c300android_setup=b133c300
[    8.825379] android_setup=b133c300android_setup=b133c300
[    8.831546] android_setup=b133c300android_setup=b133c300
[    8.837419] android_setup=b133c300android_setup=b133c300android_setup=b133c300
[    8.862229] android_setup=b133c300android_setup=b133c300
[    8.867581] android_setup=b133c300android_setup=b133c300
[    8.873636] android_setup=b133c300android_setup=b133c300
[    8.879077] android_setup=b133c300android_setup=b133c300
[    8.884563] android_setup=b133c300[    8.906938] Intel(R) Wireless WiFi driver for Linux, in-tree:d
[    8.912841] Copyright(c) 2003- 2014 Intel Corporation
[    8.919593] IWL_IDI wifi-0: No Wifi clock available
[    8.924621] IWL_IDI wifi-0: No RTC clock available
[    8.931762] IWL_IDI wifi-0: Selected bus type = IDI
[    8.972257] android_setup=b133c300
[    8.978299] IWL_IDI wifi-0: loaded firmware version 25.228.9.0 op_mode iwlmvm
[    8.988553] android_setup=b133c300
[    9.006177] android_setup=b133c300
[    9.006180] IWL_IDI wifi-0: Detected Intel(R) Dual Band Wireless BGN7999, REV=0x0
[    9.007649] graphics fb0: rockchip fb use 3 buffers
[    9.030993] IWL_IDI wifi-0: Loaded external partition NVM file nvmData (8800 bytes)
[    9.040202] vdump: vdump_get_config
[    9.041360] ieee80211 phy0: Selected rate control algorithm 'iwl-mvm-rs'
[    9.052413] vdump: fp_cfg:fffffffe
[    9.056366] vdump: vdump config not exist
[    9.060909] vdump: Kernel vdump Thread running.
[    9.094760] rockchip-vop vop0: blank mode:0
[    9.250389] android_setup=b133c300
[    9.253769] android_setup=b133c300[    9.393476] CIF ISP2.0 v4l2_enum_input(1311) ERR: index 2 out of bounds
[   11.392477] [sec_rpc] rpc_handle_cmd: Release caller sem for RPC context ID#2
[   11.393740] VNVM-BE: opened device /dev/block/platform/soc0/e0000000.noc/by-name/ImcPartID022 size 8388608 bytes
[   11.393805] VNVM-BE: opened device /dev/block/platform/soc0/e0000000.noc/by-name/ImcPartID023 size 1048576 bytes
[   11.393835] VNVM-BE: opened device /dev/block/platform/soc0/e0000000.noc/by-name/ImcPartID024 size 1048576 bytes
[   11.430591] [sec_rpc] rpc_call: Found entry ID: 0
[   11.435311] [sec_rpc] rpc_call: Shared memory block size: 4046
[   11.443083] [sec_rpc] rpc_handle_cmd: Release caller sem for RPC context ID#3
[   11.493454] [sec_rpc] rpc_handle_cmd: Release caller sem for RPC context ID#1
[   12.345074] lsm330dlc_acc: hw init start
[   12.351187] lsm330dlc_acc: hw init done
[   13.037544] android_setup=b133c300android_setup=b133c300
[   13.043941] android_setup=b133c300android_setup=b133c300
[   13.157962] false: 
[   13.157962] 
[   13.161740] true: PowerManagerService.Display
[   13.161740] 
[   13.167405] request_suspend_state: wakeup (0->0) at 13167461192 (2000-01-01 00:00:13)
[   13.171663] state:0x0)
[   13.171663] new_state f10:0x0)
[   13.180841] true2: 
[   13.180841] 
[   13.184231] false2: PowerManagerService.Display
[   13.184231] 
[   13.852893] android_setup=b133c300
[   15.727662] lowmemorykiller: lowmem_shrink: convert oom_adj to oom_score_adj:
[   15.735121] lowmemorykiller: oom_adj 0 => oom_score_adj 0
[   15.740506] lowmemorykiller: oom_adj 1 => oom_score_adj 58
[   15.745810] lowmemorykiller: oom_adj 2 => oom_score_adj 117
[   15.751635] lowmemorykiller: oom_adj 3 => oom_score_adj 176
[   15.757144] lowmemorykiller: oom_adj 9 => oom_score_adj 529
[   15.762914] lowmemorykiller: oom_adj 15 => oom_score_adj 1000
[   17.051503] acc_open
[   17.053612] acc_release
[   17.705092] FAT-fs (mmcblk1p1): Volume was not properly unmounted. Some data may be corrupt. Please run fsck.
[   18.321207] IWL_IDI wifi-0: IDI Rx config: SGs 3, pages 512
[   18.327058] IWL_IDI wifi-0: Rx is configured in tasklet mode
[   18.334173] IWL_IDI wifi-0: iwl_idi_rx_init: finished.
[   18.340644] IWL_IDI wifi-0: iwl_idi_tx_init_sg_data: sg_list offset 0
[   18.527269] IWL_IDI wifi-0: IDI Rx config: SGs 3, pages 512
[   18.533075] IWL_IDI wifi-0: Rx is configured in tasklet mode
[   18.543249] IWL_IDI wifi-0: iwl_idi_rx_init: finished.
[   18.549924] IWL_IDI wifi-0: iwl_idi_tx_init_sg_data: sg_list offset 0
[   18.613187] IPv6: ADDRCONF(NETDEV_UP): wlan0: link is not ready
[   18.626661] cfg80211: World regulatory domain updated:
[   18.631921] cfg80211:  DFS Master region: unset
[   18.636095] cfg80211:   (start_freq - end_freq @ bandwidth), (max_antenna_gain, max_eirp)
[   18.644938] cfg80211:   (2402000 KHz - 2482000 KHz @ 0 KHz, 20000 KHz AUTO), (600 mBi, 2200 mBm)
[   18.667278] cfg80211: World regulatory domain updated:
[   18.672637] cfg80211:  DFS Master region: unset
[   18.676899] cfg80211:   (start_freq - end_freq @ bandwidth), (max_antenna_gain, max_eirp)
[   18.685700] cfg80211:   (2402000 KHz - 2482000 KHz @ 0 KHz, 20000 KHz AUTO), (600 mBi, 2200 mBm)
[   18.909416] mtp_open
[   19.166498] cfg80211: World regulatory domain updated:
[   19.176624] cfg80211:  DFS Master region: unset
[   19.181214] cfg80211:   (start_freq - end_freq @ bandwidth), (max_antenna_gain, max_eirp)
[   19.190764] cfg80211:   (2402000 KHz - 2482000 KHz @ 0 KHz, 20000 KHz AUTO), (600 mBi, 2200 mBm)
[   19.824081] android_setup=b133c300
[   19.829087] android_setup=b133c300android_setup=b133c300
[   19.836277] android_setup=b133c300android_setup=b133c300
[   19.841846] android_setup=b133c300android_setup=b133c300
[   19.945900] android_setup=b133c300[   19.987674] XGOLD_LPMP3 e0100000.lpmp3: lpmp3_fs_ioctl: enable lpmp3
[   20.006124] XGOLD_LPMP3 e0100000.lpmp3: lpmp3_fs_ioctl: wakelock, timeout = 5 sec
[   20.015107] XGOLD_LPMP3 e0100000.lpmp3: lpmp3_fs_ioctl: disable lpmp3
[   20.021817] XGOLD_LPMP3 e0100000.lpmp3: lpmp3_fs_ioctl: wakelock, timeout = 5 sec
[   20.788451] lsm330dlc_acc: hw init start
[   20.794920] lsm330dlc_acc: hw init done
[   20.804583] idi_bus_match:btif-0-ttyBT: Using peripheral type for registration process is deprecated
[   20.813827] idi_bus_match:btif-0-ttyBT: Please idi device id and driver id table
[   20.821391] ttyBT btif-0: No kernel clock available
[   20.826543] ttyBT btif-0: No BTIP 78M clock available
[   20.831735] ttyBT btif-0: No BTIP 104M clock available
[   20.836691] ttyBT btif-0: No BTIP 32kHz clock available
[   20.850918] ttyBT btif-0: No BTIP VCXO request available
[   20.860874] ttyBT btif-0: No BTIP PWM ON request available
[   20.866485] ttyBT btif-0: No BTIP RF ON request available
[   20.872385] BTIF device PM registration success
[   20.876953] btif-0: ttyBT0 at MMIO 0xe7200000 (irq = 0, base_baud = 0) is a XGOLD/BTIF
[   24.835917] ttyBT btif-0: Revision Id: 0x2, Module Id: 0x52, TopSpin Rev: 0x307
[   28.915875] android_setup=b133c300
[   28.920788] android_setup=b133c300android_setup=b133c300android_setup=b133c300
[   28.929563] android_setup=b133c300android_setup=b133c300
[   30.097214] wlan0: authenticate with c8:3a:35:49:e2:c8
[   30.151952] wlan0: send auth to c8:3a:35:49:e2:c8 (try 1/3)
[   30.168538] wlan0: authenticated
[   30.175672] IWL_IDI wifi-0 wlan0: disabling HT/VHT due to WEP/TKIP use
[   30.190314] wlan0: associate with c8:3a:35:49:e2:c8 (try 1/3)
[   30.201910] wlan0: RX AssocResp from c8:3a:35:49:e2:c8 (capab=0x411 status=0 aid=1)
[   30.228189] wlan0: associated
[   30.231483] IPv6: ADDRCONF(NETDEV_CHANGE): wlan0: link becomes ready
[   34.915784] android_setup=b133c300android_setup=b133c300android_setup=b133c300
[   35.697290] android_setup=b133c300 195 2==
[  187.542093] ===3666==========================
[  187.585098] ===3666==========================
[  187.589650]  235 2==
[  187.595269]  237 2==
[  187.597291] ===3622=====add if=====================
[  194.073621] ===3679==========================
[  198.992191] android_setup=b133c300
[  198.995783] android_setup=b133c300[  364.343026] binder: send failed reply for transaction 60226 to 311:324
[  364.385593] binder: 2103: binder_alloc_buf, no vma
[  364.390604] binder: 159:159 transaction failed 29201, size 68-0
[  364.470861] binder: release 2103:2119 transaction 60218 out, still active
[  364.477519] binder: undelivered transaction 60298
[  364.482509] binder: undelivered transaction 60299
[  364.487236] binder: undelivered transaction 60297
[  364.576699] binder: 311:324 transaction failed 29189, size 4-0
[  364.582680] binder: send failed reply for transaction 60218, target dead
[  400.083977] binder: release 2330:2342 transaction 65470 in, still active
[  400.091266] binder: send failed reply for transaction 65470 to 311:858
[  400.191198] binder: release 2343:2358 transaction 65467 out, still active
[  400.210441] binder: 311:858 transaction failed 29189, size 4-0
[  400.218050] binder: send failed reply for transaction 65467, target dead
[  406.622905] binder: 168:614 transaction failed 29189, size 96-0
[  407.173568] binder: release 2442:2454 transaction 67073 in, still active
[  407.180520] binder: send failed reply for transaction 67073 to 311:324
[  407.280787] binder: release 2455:2470 transaction 67070 out, still active
[  407.300784] binder: 311:324 transaction failed 29189, size 4-0
[  407.306502] binder: send failed reply for transaction 67070, target dead
[  435.132747] binder: release 2552:2564 transaction 68359 in, still active
[  435.139645] binder: send failed reply for transaction 68359 to 311:858
[  435.280724] binder: release 2565:2580 transaction 68356 out, still active
[  435.362886] binder: 311:858 transaction failed 29189, size 4-0
[  435.368600] binder: send failed reply for transaction 68356, target dead
[  442.190658] binder: release 2662:2662 transaction 70767 out, still active
[  442.316689] binder: 311:1228 transaction failed 29189, size 4-0
[  442.322903] binder: send failed reply for transaction 70767, target dead
[  455.459023] ov13850_g_ctrl 3131 ========================
[  455.464402] ov13850_g_ctrl 3131 ========================
[  455.472284]  195 2==
[  455.474332] ===3666==========================
[  455.478935] isl79985_write_reg:write reg error:reg= 6,val=80
[  455.484772] isl79985_write_reg:write reg error:reg= 2,val=40
[  455.490567] isl79985_write_reg:write reg error:reg= 4,val= 0
[  455.496309] isl79985_write_reg:write reg error:reg= 5,val= 9
[  455.502113] isl79985_write_reg:write reg error:reg= 6,val=80
[  455.507884] isl79985_write_reg:write reg error:reg= 7,val= 2
[  455.513687] isl79985_write_reg:write reg error:reg= 8,val=12
[  455.519510] isl79985_write_reg:write reg error:reg= 9,val=f0
[  455.525344] isl79985_write_reg:write reg error:reg= a,val= 9
[  455.531166] isl79985_write_reg:write reg error:reg= b,val=d1
[  455.536876] isl79985_write_reg:write reg error:reg= c,val=cc
[  455.542631] isl79985_write_reg:write reg error:reg= d,val= 0
[  455.548223] isl79985_write_reg:write reg error:reg=10,val= 0
[  455.554040] isl79985_write_reg:write reg error:reg=11,val=64
[  455.559750] isl79985_write_reg:write reg error:reg=12,val=11
[  455.565567] isl79985_write_reg:write reg error:reg=13,val=80
[  455.571402] isl79985_write_reg:write reg error:reg=14,val=80
[  455.577211] isl79985_write_reg:write reg error:reg=15,val= 0
[  455.583099] isl79985_write_reg:write reg error:reg=17,val=80
[  455.588839] isl79985_write_reg:write reg error:reg=18,val=44
[  455.594861] isl79985_write_reg:write reg error:reg=19,val= 6
[  455.600736] isl79985_write_reg:write reg error:reg=1a,val= 0
[  455.606593] isl79985_write_reg:write reg error:reg=1c,val= f
[  455.612451] isl79985_write_reg:write reg error:reg=1d,val=7f
[  455.618267] isl79985_write_reg:write reg error:reg=1f,val= 0
[  455.624366] isl79985_write_reg:write reg error:reg=20,val=50
[  455.630138] isl79985_write_reg:write reg error:reg=21,val=22
[  455.635960] isl79985_write_reg:write reg error:reg=22,val=f0
[  455.641966] isl79985_write_reg:write reg error:reg=23,val=d8
[  455.647787] isl79985_write_reg:write reg error:reg=24,val=bc
[  455.653753] isl79985_write_reg:write reg error:reg=25,val=b8
[  455.659491] isl79985_write_reg:write reg error:reg=26,val=44
[  455.665393] isl79985_write_reg:write reg error:reg=27,val=38
[  455.671223] isl79985_write_reg:write reg error:reg=28,val= 0
[  455.677000] isl79985_write_reg:write reg error:reg=29,val= 0
[  455.682891] isl79985_write_reg:write reg error:reg=2a,val=78
[  455.688664] isl79985_write_reg:write reg error:reg=2b,val=44
[  455.694795] isl79985_write_reg:write reg error:reg=2c,val=30
[  455.700823] isl79985_write_reg:write reg error:reg=2d,val=14
[  455.706569] isl79985_write_reg:write reg error:reg=2e,val=a5
[  455.712388] isl79985_write_reg:write reg error:reg=2f,val=e0
[  455.718166] isl79985_write_reg:write reg error:reg=33,val= 5
[  455.723969] isl79985_write_reg:write reg error:reg=34,val=1a
[  455.729820] isl79985_write_reg:write reg error:reg=35,val= 0
[  455.735667] isl79985_write_reg:write reg error:reg=36,val=5a
[  455.741638] isl79985_write_reg:write reg error:reg=37,val=18
[  455.747502] isl79985_write_reg:write reg error:reg=38,val=dd
[  455.753559] isl79985_write_reg:write reg error:reg=39,val= 0
[  455.759513] isl79985_write_reg:write reg error:reg=3a,val=30
[  455.765465] isl79985_write_reg:write reg error:reg=3b,val= 0
[  455.773150] isl79985_write_reg:write reg error:reg=3c,val= 0
[  455.778923] isl79985_write_reg:write reg error:reg=3d,val= 0
[  455.784762] isl79985_write_reg:write reg error:reg=3f,val=1a
[  455.790744] isl79985_write_reg:write reg error:reg=40,val=80
[  455.796459] isl79985_write_reg:write reg error:reg=41,val= 0
[  455.802329] isl79985_write_reg:write reg error:reg=42,val= 0
[  455.808083] isl79985_write_reg:write reg error:reg=48,val= 2
[  455.813992] isl79985_write_reg:write reg error:reg=49,val= 0
[  455.819785] isl79985_write_reg:write reg error:reg=4a,val=81
[  455.825673] isl79985_write_reg:write reg error:reg=4b,val= a
[  455.831601] isl79985_write_reg:write reg error:reg=4c,val= 0
[  455.837368] isl79985_write_reg:write reg error:reg=4d,val= 1
[  455.843295] isl79985_write_reg:write reg error:reg=4e,val= 1
[  455.849147] isl79985_write_reg:write reg error:reg=50,val= 0
[  455.854981] isl79985_write_reg:write reg error:reg=51,val= 0
[  455.860846] isl79985_write_reg:write reg error:reg=52,val= 0
[  455.866640] isl79985_write_reg:write reg error:reg=56,val= 0
[  455.872589] isl79985_write_reg:write reg error:reg=57,val= 0
[  455.878310] isl79985_write_reg:write reg error:reg=58,val= 0
[  455.884173] isl79985_write_reg:write reg error:reg=60,val= 0
[  455.889948] isl79985_write_reg:write reg error:reg=61,val= 0
[  455.896039] isl79985_write_reg:write reg error:reg=62,val= 0
[  455.901993] isl79985_write_reg:write reg error:reg=70,val= 1
[  455.908027] isl79985_write_reg:write reg error:reg=71,val=85
[  455.914224] isl79985_write_reg:write reg error:reg=72,val=a0
[  455.920117] isl79985_write_reg:write reg error:reg=73,val= 0
[  455.925875] isl79985_write_reg:write reg error:reg=74,val=f0
[  455.931881] isl79985_write_reg:write reg error:reg=75,val= 0
[  455.937708] isl79985_write_reg:write reg error:reg=76,val=17
[  455.943602] isl79985_write_reg:write reg error:reg=77,val= 5
[  455.949336] isl79985_write_reg:write reg error:reg=78,val=88
[  455.955142] isl79985_write_reg:write reg error:reg=79,val= 6
[  455.961063] isl79985_write_reg:write reg error:reg=7a,val=28
[  455.966961] isl79985_write_reg:write reg error:reg=7b,val=46
[  455.973047] isl79985_write_reg:write reg error:reg=7c,val=b3
[  455.979343] isl79985_write_reg:write reg error:reg=7d,val= 6
[  455.985212] isl79985_write_reg:write reg error:reg=7e,val=13
[  455.991078] isl79985_write_reg:write reg error:reg=7f,val=10
[  455.996895] isl79985_write_reg:write reg error:reg=80,val= 5
[  456.002777] isl79985_write_reg:write reg error:reg=81,val=a0
[  456.008380] isl79985_write_reg:write reg error:reg=82,val=13
[  456.014267] isl79985_write_reg:write reg error:reg=83,val=11
[  456.020131] isl79985_write_reg:write reg error:reg=84,val= 2
[  456.025963] isl79985_write_reg:write reg error:reg=85,val= e
[  456.032952] isl79985_write_reg:write reg error:reg=86,val= 8
[  456.038680] isl79985_write_reg:write reg error:reg=87,val=37
[  456.044804] isl79985_write_reg:write reg error:reg=88,val= 0
[  456.050819] isl79985_write_reg:write reg error:reg=89,val= 0
[  456.056586] isl79985_write_reg:write reg error:reg=8a,val= 2
[  456.062505] isl79985_write_reg:write reg error:reg=8b,val=33
[  456.068342] isl79985_write_reg:write reg error:reg=8c,val=22
[  456.074297] isl79985_write_reg:write reg error:reg=8d,val= 3
[  456.080022] isl79985_write_reg:write reg error:reg=8e,val=22
[  456.086191] isl79985_write_reg:write reg error:reg=8f,val= 1
[  456.092009] isl79985_write_reg:write reg error:reg=90,val= 0
[  456.097642] isl79985_write_reg:write reg error:reg=91,val= c
[  456.103763] isl79985_write_reg:write reg error:reg=92,val= 0
[  456.109730] isl79985_write_reg:write reg error:reg=93,val= e
[  456.115655] isl79985_write_reg:write reg error:reg=94,val= 7
[  456.121517] isl79985_write_reg:write reg error:reg=95,val=ff
[  456.127267] isl79985_write_reg:write reg error:reg=96,val=1a
[  456.133189] isl79985_write_reg:write reg error:reg=9b,val= 2
[  456.139003] isl79985_write_reg:write reg error:reg=a0,val= 0
[  456.144947] isl79985_write_reg:write reg error:reg=a1,val= 0
[  456.150872] isl79985_write_reg:write reg error:reg=a2,val=30
[  456.156754] isl79985_write_reg:write reg error:reg=a3,val=c0
[  456.162717] isl79985_write_reg:write reg error:reg=a4,val= 0
[  456.168399] isl79985_write_reg:write reg error:reg=c0,val= 6
[  456.174424] isl79985_write_reg:write reg error:reg=c1,val=20
[  456.180910] isl79985_write_reg:write reg error:reg=c2,val=30
[  456.186972] isl79985_write_reg:write reg error:reg=c3,val= 0
[  456.192874] isl79985_write_reg:write reg error:reg=c8,val=58
[  456.198907] isl79985_write_reg:write reg error:reg=ca,val=1e
[  456.204873] isl79985_write_reg:write reg error:reg=cb,val=1a
[  456.210852] isl79985_write_reg:write reg error:reg=d1,val= e
[  456.216718] isl79985_write_reg:write reg error:reg=d2,val= c
[  456.222725] isl79985_write_reg:write reg error:reg=cf,val= e
[  456.228614] isl79985_write_reg:write reg error:reg=d3,val= a
[  456.234935] isl79985_write_reg:write reg error:reg=d4,val= e
[  456.240794] isl79985_write_reg:write reg error:reg=d0,val= e
[  456.246499] isl79985_write_reg:write reg error:reg=33,val=85
[  456.252451] isl79985_write_reg:write reg error:reg=70,val= 9
[  456.258261] isl79985_write_reg:write reg error:reg= 7,val= 2
[  456.264061] isl79985_write_reg:write reg error:reg= 8,val=15
[  456.269773] isl79985_write_reg:write reg error:reg= 9,val=f0
[  456.275640] isl79985_write_reg:write reg error:reg= a,val=14
[  456.281654] isl79985_write_reg:write reg error:reg= b,val=d0
[  456.287287] ===3666==========================
[  456.292179] isl79985_write_reg:write reg error:reg= 6,val=80
[  456.297647]  235 2==
[  456.299787]  237 2==
[  464.876872] CIF ISP2.0 cif_isp20_calc_min_out_buff_size(5638) ERR: cannot calculate buffer size, SP stream not ready
[  464.887969] CIF ISP2.0 cif_isp20_calc_min_out_buff_size(5638) ERR: cannot calculate buffer size, SP stream not ready
[  464.902180] CIF ISP2.0 cif_isp20_calc_min_out_buff_size(5638) ERR: cannot calculate buffer size, SP stream not ready
[  863.844877] CIF ISP2.0 cif_isp20_v4l2_release(1073) ERR: videobuf_mmap_free failed with error -16
[  863.854156] CIF ISP2.0 cif_isp20_v4l2_release(1098) ERR: failed with error -14
[  864.419050] ov13850_g_ctrl 3131 ========================
[  864.424944] ov13850_g_ctrl 3131 ========================
[  864.434150]  195 2==
[  864.436577] ===3666==========================
[  864.441170] isl79985_write_reg:write reg error:reg= 6,val=80
[  864.447210] isl79985_write_reg:write reg error:reg= 2,val=40
[  864.453257] isl79985_write_reg:write reg error:reg= 4,val= 0
[  864.458993] isl79985_write_reg:write reg error:reg= 5,val= 9
[  864.464855] isl79985_write_reg:write reg error:reg= 6,val=80
[  864.472267] isl79985_write_reg:write reg error:reg= 7,val= 2
[  864.478174] isl79985_write_reg:write reg error:reg= 8,val=12
[  864.484316] isl79985_write_reg:write reg error:reg= 9,val=f0
[  864.490054] isl79985_write_reg:write reg error:reg= a,val= 9
[  864.496034] isl79985_write_reg:write reg error:reg= b,val=d1
[  864.501842] isl79985_write_reg:write reg error:reg= c,val=cc
[  864.507466] isl79985_write_reg:write reg error:reg= d,val= 0
[  864.513358] isl79985_write_reg:write reg error:reg=10,val= 0
[  864.518954] isl79985_write_reg:write reg error:reg=11,val=64
[  864.525046] isl79985_write_reg:write reg error:reg=12,val=11
[  864.530991] isl79985_write_reg:write reg error:reg=13,val=80
[  864.536745] isl79985_write_reg:write reg error:reg=14,val=80
[  864.542705] isl79985_write_reg:write reg error:reg=15,val= 0
[  864.548767] isl79985_write_reg:write reg error:reg=17,val=80
[  864.554686] isl79985_write_reg:write reg error:reg=18,val=44
[  864.560604] isl79985_write_reg:write reg error:reg=19,val= 6
[  864.566584] isl79985_write_reg:write reg error:reg=1a,val= 0
[  864.572430] isl79985_write_reg:write reg error:reg=1c,val= f
[  864.578402] isl79985_write_reg:write reg error:reg=1d,val=7f
[  864.584308] isl79985_write_reg:write reg error:reg=1f,val= 0
[  864.590292] isl79985_write_reg:write reg error:reg=20,val=50
[  864.596062] isl79985_write_reg:write reg error:reg=21,val=22
[  864.601913] isl79985_write_reg:write reg error:reg=22,val=f0
[  864.607862] isl79985_write_reg:write reg error:reg=23,val=d8
[  864.614222] isl79985_write_reg:write reg error:reg=24,val=bc
[  864.620487] isl79985_write_reg:write reg error:reg=25,val=b8
[  864.626670] isl79985_write_reg:write reg error:reg=26,val=44
[  864.632781] isl79985_write_reg:write reg error:reg=27,val=38
[  864.638748] isl79985_write_reg:write reg error:reg=28,val= 0
[  864.644671] isl79985_write_reg:write reg error:reg=29,val= 0
[  864.650742] isl79985_write_reg:write reg error:reg=2a,val=78
[  864.656502] isl79985_write_reg:write reg error:reg=2b,val=44
[  864.662318] isl79985_write_reg:write reg error:reg=2c,val=30
[  864.668102] isl79985_write_reg:write reg error:reg=2d,val=14
[  864.674187] isl79985_write_reg:write reg error:reg=2e,val=a5
[  864.679922] isl79985_write_reg:write reg error:reg=2f,val=e0
[  864.685807] isl79985_write_reg:write reg error:reg=33,val= 5
[  864.691956] isl79985_write_reg:write reg error:reg=34,val=1a
[  864.697774] isl79985_write_reg:write reg error:reg=35,val= 0
[  864.703882] isl79985_write_reg:write reg error:reg=36,val=5a
[  864.709780] isl79985_write_reg:write reg error:reg=37,val=18
[  864.715853] isl79985_write_reg:write reg error:reg=38,val=dd
[  864.721646] isl79985_write_reg:write reg error:reg=39,val= 0
[  864.727511] isl79985_write_reg:write reg error:reg=3a,val=30
[  864.733382] isl79985_write_reg:write reg error:reg=3b,val= 0
[  864.739307] isl79985_write_reg:write reg error:reg=3c,val= 0
[  864.745269] isl79985_write_reg:write reg error:reg=3d,val= 0
[  864.753589] isl79985_write_reg:write reg error:reg=3f,val=1a
[  864.759389] isl79985_write_reg:write reg error:reg=40,val=80
[  864.765296] isl79985_write_reg:write reg error:reg=41,val= 0
[  864.771249] isl79985_write_reg:write reg error:reg=42,val= 0
[  864.777169] isl79985_write_reg:write reg error:reg=48,val= 2
[  864.783230] isl79985_write_reg:write reg error:reg=49,val= 0
[  864.789129] isl79985_write_reg:write reg error:reg=4a,val=81
[  864.795538] isl79985_write_reg:write reg error:reg=4b,val= a
[  864.801442] isl79985_write_reg:write reg error:reg=4c,val= 0
[  864.807689] isl79985_write_reg:write reg error:reg=4d,val= 1
[  864.814011] isl79985_write_reg:write reg error:reg=4e,val= 1
[  864.819857] isl79985_write_reg:write reg error:reg=50,val= 0
[  864.825897] isl79985_write_reg:write reg error:reg=51,val= 0
[  864.831735] isl79985_write_reg:write reg error:reg=52,val= 0
[  864.837491] isl79985_write_reg:write reg error:reg=56,val= 0
[  864.843745] isl79985_write_reg:write reg error:reg=57,val= 0
[  864.849557] isl79985_write_reg:write reg error:reg=58,val= 0
[  864.855377] isl79985_write_reg:write reg error:reg=60,val= 0
[  864.861217] isl79985_write_reg:write reg error:reg=61,val= 0
[  864.866941] isl79985_write_reg:write reg error:reg=62,val= 0
[  864.872753] isl79985_write_reg:write reg error:reg=70,val= 1
[  864.878525] isl79985_write_reg:write reg error:reg=71,val=85
[  864.884445] isl79985_write_reg:write reg error:reg=72,val=a0
[  864.890758] isl79985_write_reg:write reg error:reg=73,val= 0
[  864.896583] isl79985_write_reg:write reg error:reg=74,val=f0
[  864.902487] isl79985_write_reg:write reg error:reg=75,val= 0
[  864.908269] isl79985_write_reg:write reg error:reg=76,val=17
[  864.914295] isl79985_write_reg:write reg error:reg=77,val= 5
[  864.920168] isl79985_write_reg:write reg error:reg=78,val=88
[  864.926017] isl79985_write_reg:write reg error:reg=79,val= 6
[  864.931863] isl79985_write_reg:write reg error:reg=7a,val=28
[  864.937644] isl79985_write_reg:write reg error:reg=7b,val=46
[  864.943577] isl79985_write_reg:write reg error:reg=7c,val=b3
[  864.949353] isl79985_write_reg:write reg error:reg=7d,val= 6
[  864.955176] isl79985_write_reg:write reg error:reg=7e,val=13
[  864.961080] isl79985_write_reg:write reg error:reg=7f,val=10
[  864.966675] isl79985_write_reg:write reg error:reg=80,val= 5
[  864.972688] isl79985_write_reg:write reg error:reg=81,val=a0
[  864.978474] isl79985_write_reg:write reg error:reg=82,val=13
[  864.984483] isl79985_write_reg:write reg error:reg=83,val=11
[  864.990797] isl79985_write_reg:write reg error:reg=84,val= 2
[  864.996631] isl79985_write_reg:write reg error:reg=85,val= e
[  865.002453] isl79985_write_reg:write reg error:reg=86,val= 8
[  865.008317] isl79985_write_reg:write reg error:reg=87,val=37
[  865.014162] isl79985_write_reg:write reg error:reg=88,val= 0
[  865.019927] isl79985_write_reg:write reg error:reg=89,val= 0
[  865.025773] isl79985_write_reg:write reg error:reg=8a,val= 2
[  865.031562] isl79985_write_reg:write reg error:reg=8b,val=33
[  865.037316] isl79985_write_reg:write reg error:reg=8c,val=22
[  865.043695] isl79985_write_reg:write reg error:reg=8d,val= 3
[  865.049521] isl79985_write_reg:write reg error:reg=8e,val=22
[  865.055813] isl79985_write_reg:write reg error:reg=8f,val= 1
[  865.061674] isl79985_write_reg:write reg error:reg=90,val= 0
[  865.067455] isl79985_write_reg:write reg error:reg=91,val= c
[  865.073385] isl79985_write_reg:write reg error:reg=92,val= 0
[  865.079138] isl79985_write_reg:write reg error:reg=93,val= e
[  865.085018] isl79985_write_reg:write reg error:reg=94,val= 7
[  865.090916] isl79985_write_reg:write reg error:reg=95,val=ff
[  865.096696] isl79985_write_reg:write reg error:reg=96,val=1a
[  865.102633] isl79985_write_reg:write reg error:reg=9b,val= 2
[  865.108237] isl79985_write_reg:write reg error:reg=a0,val= 0
[  865.114192] isl79985_write_reg:write reg error:reg=a1,val= 0
[  865.120049] isl79985_write_reg:write reg error:reg=a2,val=30
[  865.125807] isl79985_write_reg:write reg error:reg=a3,val=c0
[  865.131721] isl79985_write_reg:write reg error:reg=a4,val= 0
[  865.137398] isl79985_write_reg:write reg error:reg=c0,val= 6
[  865.143266] isl79985_write_reg:write reg error:reg=c1,val=20
[  865.149003] isl79985_write_reg:write reg error:reg=c2,val=30
[  865.154879] isl79985_write_reg:write reg error:reg=c3,val= 0
[  865.160742] isl79985_write_reg:write reg error:reg=c8,val=58
[  865.166467] isl79985_write_reg:write reg error:reg=ca,val=1e
[  865.172282] isl79985_write_reg:write reg error:reg=cb,val=1a
[  865.177991] isl79985_write_reg:write reg error:reg=d1,val= e
[  865.183772] isl79985_write_reg:write reg error:reg=d2,val= c
[  865.189470] isl79985_write_reg:write reg error:reg=cf,val= e
[  865.195903] isl79985_write_reg:write reg error:reg=d3,val= a
[  865.201817] isl79985_write_reg:write reg error:reg=d4,val= e
[  865.207595] isl79985_write_reg:write reg error:reg=d0,val= e
[  865.213384] isl79985_write_reg:write reg error:reg=33,val=85
[  865.219071] isl79985_write_reg:write reg error:reg=70,val= 9
[  865.224982] isl79985_write_reg:write reg error:reg= 7,val= 2
[  865.230862] isl79985_write_reg:write reg error:reg= 8,val=15
[  865.236904] isl79985_write_reg:write reg error:reg= 9,val=f0
[  865.242989] isl79985_write_reg:write reg error:reg= a,val=14
[  865.248820] isl79985_write_reg:write reg error:reg= b,val=d0
[  865.254504] ===3666==========================
[  865.258947] isl79985_write_reg:write reg error:reg= 6,val=80
[  865.264549]  235 2==
[  865.266680]  237 2==
[  871.775917] CIF ISP2.0 cif_isp20_calc_min_out_buff_size(5638) ERR: cannot calculate buffer size, SP stream not ready
[  871.786926] CIF ISP2.0 cif_isp20_calc_min_out_buff_size(5638) ERR: cannot calculate buffer size, SP stream not ready
[  871.800809] CIF ISP2.0 cif_isp20_calc_min_out_buff_size(5638) ERR: cannot calculate buffer size, SP stream not ready
[ 1099.785916] android_setup=b133c300android_setup=b133c300
[ 1270.793417] CIF ISP2.0 cif_isp20_v4l2_release(1073) ERR: videobuf_mmap_free failed with error -16
[ 1270.802632] CIF ISP2.0 cif_isp20_v4l2_release(1098) ERR: failed with error -14
[ 1271.964897] ov13850_g_ctrl 3131 ========================
[ 1271.970363] ov13850_g_ctrl 3131 ========================
[ 1271.977538]  195 2==
[ 1271.979555] ===3666==========================
[ 1271.984887] isl79985_write_reg:write reg error:reg= 6,val=80
[ 1271.991000] isl79985_write_reg:write reg error:reg= 2,val=40
[ 1271.996847] isl79985_write_reg:write reg error:reg= 4,val= 0
[ 1272.002838] isl79985_write_reg:write reg error:reg= 5,val= 9
[ 1272.008908] isl79985_write_reg:write reg error:reg= 6,val=80
[ 1272.015030] isl79985_write_reg:write reg error:reg= 7,val= 2
[ 1272.020905] isl79985_write_reg:write reg error:reg= 8,val=12
[ 1272.026677] isl79985_write_reg:write reg error:reg= 9,val=f0
[ 1272.032647] isl79985_write_reg:write reg error:reg= a,val= 9
[ 1272.038404] isl79985_write_reg:write reg error:reg= b,val=d1
[ 1272.044276] isl79985_write_reg:write reg error:reg= c,val=cc
[ 1272.050006] isl79985_write_reg:write reg error:reg= d,val= 0
[ 1272.055867] isl79985_write_reg:write reg error:reg=10,val= 0
[ 1272.061873] isl79985_write_reg:write reg error:reg=11,val=64
[ 1272.067786] isl79985_write_reg:write reg error:reg=12,val=11
[ 1272.073594] isl79985_write_reg:write reg error:reg=13,val=80
[ 1272.079483] isl79985_write_reg:write reg error:reg=14,val=80
[ 1272.085433] isl79985_write_reg:write reg error:reg=15,val= 0
[ 1272.091595] isl79985_write_reg:write reg error:reg=17,val=80
[ 1272.097477] isl79985_write_reg:write reg error:reg=18,val=44
[ 1272.103406] isl79985_write_reg:write reg error:reg=19,val= 6
[ 1272.109309] isl79985_write_reg:write reg error:reg=1a,val= 0
[ 1272.115275] isl79985_write_reg:write reg error:reg=1c,val= f
[ 1272.121341] isl79985_write_reg:write reg error:reg=1d,val=7f
[ 1272.127207] isl79985_write_reg:write reg error:reg=1f,val= 0
[ 1272.133198] isl79985_write_reg:write reg error:reg=20,val=50
[ 1272.139105] isl79985_write_reg:write reg error:reg=21,val=22
[ 1272.145218] isl79985_write_reg:write reg error:reg=22,val=f0
[ 1272.151112] isl79985_write_reg:write reg error:reg=23,val=d8
[ 1272.156821] isl79985_write_reg:write reg error:reg=24,val=bc
[ 1272.162733] isl79985_write_reg:write reg error:reg=25,val=b8
[ 1272.168594] isl79985_write_reg:write reg error:reg=26,val=44
[ 1272.174378] isl79985_write_reg:write reg error:reg=27,val=38
[ 1272.180317] isl79985_write_reg:write reg error:reg=28,val= 0
[ 1272.186258] isl79985_write_reg:write reg error:reg=29,val= 0
[ 1272.192188] isl79985_write_reg:write reg error:reg=2a,val=78
[ 1272.198150] isl79985_write_reg:write reg error:reg=2b,val=44
[ 1272.204163] isl79985_write_reg:write reg error:reg=2c,val=30
[ 1272.209930] isl79985_write_reg:write reg error:reg=2d,val=14
[ 1272.215862] isl79985_write_reg:write reg error:reg=2e,val=a5
[ 1272.221697] isl79985_write_reg:write reg error:reg=2f,val=e0
[ 1272.227599] isl79985_write_reg:write reg error:reg=33,val= 5
[ 1272.233537] isl79985_write_reg:write reg error:reg=34,val=1a
[ 1272.239357] isl79985_write_reg:write reg error:reg=35,val= 0
[ 1272.245393] isl79985_write_reg:write reg error:reg=36,val=5a
[ 1272.251419] isl79985_write_reg:write reg error:reg=37,val=18
[ 1272.257294] isl79985_write_reg:write reg error:reg=38,val=dd
[ 1272.263223] isl79985_write_reg:write reg error:reg=39,val= 0
[ 1272.268850] isl79985_write_reg:write reg error:reg=3a,val=30
[ 1272.275216] isl79985_write_reg:write reg error:reg=3b,val= 0
[ 1272.281116] isl79985_write_reg:write reg error:reg=3c,val= 0
[ 1272.286964] isl79985_write_reg:write reg error:reg=3d,val= 0
[ 1272.293071] isl79985_write_reg:write reg error:reg=3f,val=1a
[ 1272.299012] isl79985_write_reg:write reg error:reg=40,val=80
[ 1272.304963] isl79985_write_reg:write reg error:reg=41,val= 0
[ 1272.311105] isl79985_write_reg:write reg error:reg=42,val= 0
[ 1272.316813] isl79985_write_reg:write reg error:reg=48,val= 2
[ 1272.322708] isl79985_write_reg:write reg error:reg=49,val= 0
[ 1272.328498] isl79985_write_reg:write reg error:reg=4a,val=81
[ 1272.334289] isl79985_write_reg:write reg error:reg=4b,val= a
[ 1272.340065] isl79985_write_reg:write reg error:reg=4c,val= 0
[ 1272.345984] isl79985_write_reg:write reg error:reg=4d,val= 1
[ 1272.352160] isl79985_write_reg:write reg error:reg=4e,val= 1
[ 1272.357981] isl79985_write_reg:write reg error:reg=50,val= 0
[ 1272.363829] isl79985_write_reg:write reg error:reg=51,val= 0
[ 1272.369563] isl79985_write_reg:write reg error:reg=52,val= 0
[ 1272.375398] isl79985_write_reg:write reg error:reg=56,val= 0
[ 1272.381215] isl79985_write_reg:write reg error:reg=57,val= 0
[ 1272.387131] isl79985_write_reg:write reg error:reg=58,val= 0
[ 1272.392990] isl79985_write_reg:write reg error:reg=60,val= 0
[ 1272.398702] isl79985_write_reg:write reg error:reg=61,val= 0
[ 1272.404478] isl79985_write_reg:write reg error:reg=62,val= 0
[ 1272.410284] isl79985_write_reg:write reg error:reg=70,val= 1
[ 1272.416057] isl79985_write_reg:write reg error:reg=71,val=85
[ 1272.422011] isl79985_write_reg:write reg error:reg=72,val=a0
[ 1272.428152] isl79985_write_reg:write reg error:reg=73,val= 0
[ 1272.434028] isl79985_write_reg:write reg error:reg=74,val=f0
[ 1272.439850] isl79985_write_reg:write reg error:reg=75,val= 0
[ 1272.445740] isl79985_write_reg:write reg error:reg=76,val=17
[ 1272.451697] isl79985_write_reg:write reg error:reg=77,val= 5
[ 1272.457587] isl79985_write_reg:write reg error:reg=78,val=88
[ 1272.463549] isl79985_write_reg:write reg error:reg=79,val= 6
[ 1272.469544] isl79985_write_reg:write reg error:reg=7a,val=28
[ 1272.475473] isl79985_write_reg:write reg error:reg=7b,val=46
[ 1272.481278] isl79985_write_reg:write reg error:reg=7c,val=b3
[ 1272.487004] isl79985_write_reg:write reg error:reg=7d,val= 6
[ 1272.492909] isl79985_write_reg:write reg error:reg=7e,val=13
[ 1272.498972] isl79985_write_reg:write reg error:reg=7f,val=10
[ 1272.504904] isl79985_write_reg:write reg error:reg=80,val= 5
[ 1272.510756] isl79985_write_reg:write reg error:reg=81,val=a0
[ 1272.516553] isl79985_write_reg:write reg error:reg=82,val=13
